******************************************************************************
                  TI ARM Linker PC v16.9.4                     
******************************************************************************
>> Linked Thu Sep 21 15:10:19 2023

OUTPUT FILE NAME:   <Tiva_c.out>
ENTRY POINT SYMBOL: "_c_int00"  address: 00012d4d


MEMORY CONFIGURATION

         name            origin    length      used     unused   attr    fill
----------------------  --------  ---------  --------  --------  ----  --------
  FLASH                 00010000   00020000  0000311d  0001cee3  R  X
  SRAM                  20000000   00008000  000002ff  00007d01  RW X


SEGMENT ALLOCATION MAP

run origin  load origin   length   init length attrs members
----------  ----------- ---------- ----------- ----- -------
00010000    00010000    00003120   00003120    r-x
  00010000    00010000    0000026c   0000026c    r-- .intvecs
  0001026c    0001026c    00002cfa   00002cfa    r-x .text
  00012f68    00012f68    00000147   00000147    r-- .const
  000130b0    000130b0    00000070   00000070    r-- .cinit
20000000    20000000    00000301   00000000    rw-
  20000000    20000000    00000200   00000000    rw- .stack
  20000200    20000200    000000a6   00000000    rw- .bss
  200002a8    200002a8    00000059   00000000    rw- .data


SECTION ALLOCATION MAP

 output                                  attributes/
section   page    origin      length       input sections
--------  ----  ----------  ----------   ----------------
.intvecs   0    00010000    0000026c     
                  00010000    0000026c     tm4c123ge6pm_startup_ccs.obj (.intvecs)

.text      0    0001026c    00002cfa     
                  0001026c    00000e98     GPIO.obj (.text)
                  00011104    000006ea     lcd.obj (.text)
                  000117ee    00000002     rtsv7M4_T_le_v4SPD16_eabi.lib : mpu_init.obj (.text)
                  000117f0    000003ac     GPT.obj (.text)
                  00011b9c    00000264     AutonomousCar_HandleMain.obj (.text)
                  00011e00    00000244     SCB.obj (.text)
                  00012044    000001e0     SYSTICK.obj (.text)
                  00012224    000001b6     rtsv7M4_T_le_v4SPD16_eabi.lib : fd_add_t2.obj (.text)
                  000123da    00000002                                   : startup.obj (.text)
                  000123dc    00000188     adc.obj (.text)
                  00012564    00000136     rtsv7M4_T_le_v4SPD16_eabi.lib : fd_div_t2.obj (.text)
                  0001269a    000000fc                                   : fd_mul_t2.obj (.text)
                  00012796    00000002     --HOLE-- [fill = 0]
                  00012798    000000fc     ultrasonic.obj (.text)
                  00012894    000000e4     SCHEDULAR.obj (.text)
                  00012978    0000009c     rtsv7M4_T_le_v4SPD16_eabi.lib : memcpy_t2.obj (.text)
                  00012a14    00000094     motor.obj (.text)
                  00012aa8    0000008c     AutonomousCar.obj (.text)
                  00012b34    0000007a     rtsv7M4_T_le_v4SPD16_eabi.lib : memset_t2.obj (.text)
                  00012bae    00000002     --HOLE-- [fill = 0]
                  00012bb0    00000070                                   : autoinit.obj (.text)
                  00012c20    00000068                                   : copy_decompress_lzss.obj (.text:decompress:lzss)
                  00012c88    00000062     switch.obj (.text)
                  00012cea    00000002     --HOLE-- [fill = 0]
                  00012cec    00000060     main.obj (.text)
                  00012d4c    00000054     rtsv7M4_T_le_v4SPD16_eabi.lib : boot.obj (.text)
                  00012da0    00000054                                   : exit.obj (.text)
                  00012df4    0000004c                                   : cpy_tbl.obj (.text)
                  00012e40    00000048                                   : fd_toi_t2.obj (.text)
                  00012e88    00000044                                   : fd_tou_t2.obj (.text)
                  00012ecc    00000024     delay.obj (.text)
                  00012ef0    00000020     rtsv7M4_T_le_v4SPD16_eabi.lib : u_tofd_t2.obj (.text)
                  00012f10    00000018                                   : args_main.obj (.text)
                  00012f28    00000014                                   : _lock.obj (.text)
                  00012f3c    0000000e                                   : copy_decompress_none.obj (.text:decompress:none)
                  00012f4a    0000000c                                   : copy_zero_init.obj (.text:decompress:ZI)
                  00012f56    0000000c     tm4c123ge6pm_startup_ccs.obj (.text)
                  00012f62    00000004     rtsv7M4_T_le_v4SPD16_eabi.lib : pre_init.obj (.text)

.const     0    00012f68    00000147     
                  00012f68    00000102     GPIO_config.obj (.const:portConfig)
                  0001306a    00000030     GPT_config.obj (.const:gptConfig)
                  0001309a    00000002     --HOLE-- [fill = 0]
                  0001309c    00000010     SCB_config.obj (.const:SCBConfig)
                  000130ac    00000003     SYSTICK_config.obj (.const:SYSTIC_Config)

.cinit     0    000130b0    00000070     
                  000130b0    00000045     (.cinit..data.load) [load image, compression = lzss]
                  000130f5    00000003     --HOLE-- [fill = 0]
                  000130f8    0000000c     (__TI_handler_table)
                  00013104    00000004     --HOLE-- [fill = 0]
                  00013108    00000008     (.cinit..bss.load) [load image, compression = zero_init]
                  00013110    00000010     (__TI_cinit_table)

.init_array 
*          0    00010000    00000000     UNINITIALIZED

.stack     0    20000000    00000200     UNINITIALIZED
                  20000000    00000200     --HOLE--

.bss       0    20000200    000000a6     UNINITIALIZED
                  20000200    00000030     GPT.obj (.bss:isr_timer)
                  20000230    00000030     (.common:captured_val)
                  20000260    00000028     SCHEDULAR.obj (.bss:TASKS)
                  20000288    00000018     AutonomousCar_HandleMain.obj (.bss)
                  200002a0    00000002     (.common:counter_time_out)
                  200002a2    00000001     (.common:SYSTICK_u8ModeOfInterval)
                  200002a3    00000001     (.common:run_flag)
                  200002a4    00000001     (.common:start_move_flag)
                  200002a5    00000001     (.common:time_in_sec)

.data      0    200002a8    00000059     UNINITIALIZED
                  200002a8    0000000c     rtsv7M4_T_le_v4SPD16_eabi.lib : exit.obj (.data:$O1$$)
                  200002b4    0000000c     SCB_config.obj (.data:SCB_ActivatedClockGates)
                  200002c0    0000000b     AutonomousCar_HandleMain.obj (.data:lcd_car)
                  200002cb    00000001     --HOLE--
                  200002cc    00000008     rtsv7M4_T_le_v4SPD16_eabi.lib : _lock.obj (.data:$O1$$)
                  200002d4    00000008     SYSTICK.obj (.data)
                  200002dc    00000006     AutonomousCar_HandleMain.obj (.data:LDR_1)
                  200002e2    00000006     AutonomousCar_HandleMain.obj (.data:LDR_2)
                  200002e8    00000005     SCB.obj (.data)
                  200002ed    00000004     AutonomousCar.obj (.data:LEFT_SIDE)
                  200002f1    00000004     AutonomousCar.obj (.data:RIGHT_SIDE)
                  200002f5    00000003     AutonomousCar_HandleMain.obj (.data:start_button)
                  200002f8    00000004     rtsv7M4_T_le_v4SPD16_eabi.lib : stkdepth_vars.obj (.data)
                  200002fc    00000003     AutonomousCar_HandleMain.obj (.data:stop_button)
                  200002ff    00000002     AutonomousCar_HandleMain.obj (.data:ultraSonic1)

MODULE SUMMARY

       Module                         code    ro data   rw data
       ------                         ----    -------   -------
    .\
       GPIO.obj                       3736    0         0      
       GPT.obj                        940     0         96     
       tm4c123ge6pm_startup_ccs.obj   12      620       0      
       SCB.obj                        580     0         5      
       SYSTICK.obj                    480     0         10     
       adc.obj                        392     0         0      
       SCHEDULAR.obj                  228     0         41     
       GPIO_config.obj                0       258       0      
       main.obj                       96      0         0      
       GPT_config.obj                 0       48        0      
       SCB_config.obj                 0       16        12     
       SYSTICK_config.obj             0       3         0      
    +--+------------------------------+-------+---------+---------+
       Total:                         6464    945       164    
                                                               
    .\Inc\APP\AutonomousCar\
       AutonomousCar_HandleMain.obj   612     0         58     
       AutonomousCar.obj              140     0         8      
    +--+------------------------------+-------+---------+---------+
       Total:                         752     0         66     
                                                               
    .\Inc\HAL\LCD\
       lcd.obj                        1770    0         0      
    +--+------------------------------+-------+---------+---------+
       Total:                         1770    0         0      
                                                               
    .\Inc\HAL\MOTOR\
       motor.obj                      148     0         0      
    +--+------------------------------+-------+---------+---------+
       Total:                         148     0         0      
                                                               
    .\Inc\HAL\SWITCH\
       switch.obj                     98      0         0      
    +--+------------------------------+-------+---------+---------+
       Total:                         98      0         0      
                                                               
    .\Inc\HAL\ULTRASONIC\
       ultrasonic.obj                 252     0         0      
    +--+------------------------------+-------+---------+---------+
       Total:                         252     0         0      
                                                               
    .\Inc\LIB\
       delay.obj                      36      0         0      
    +--+------------------------------+-------+---------+---------+
       Total:                         36      0         0      
                                                               
    C:\ti\ccsv7\tools\compiler\ti-cgt-arm_16.9.4.LTS\lib\rtsv7M4_T_le_v4SPD16_eabi.lib
       fd_add_t2.obj                  438     0         0      
       fd_div_t2.obj                  310     0         0      
       fd_mul_t2.obj                  252     0         0      
       memcpy_t2.obj                  156     0         0      
       memset_t2.obj                  122     0         0      
       autoinit.obj                   112     0         0      
       copy_decompress_lzss.obj       104     0         0      
       exit.obj                       84      0         12     
       boot.obj                       84      0         0      
       cpy_tbl.obj                    76      0         0      
       fd_toi_t2.obj                  72      0         0      
       fd_tou_t2.obj                  68      0         0      
       u_tofd_t2.obj                  32      0         0      
       _lock.obj                      20      0         8      
       args_main.obj                  24      0         0      
       copy_decompress_none.obj       14      0         0      
       copy_zero_init.obj             12      0         0      
       pre_init.obj                   4       0         0      
       stkdepth_vars.obj              0       0         4      
       mpu_init.obj                   2       0         0      
       startup.obj                    2       0         0      
    +--+------------------------------+-------+---------+---------+
       Total:                         1988    0         24     
                                                               
       Stack:                         0       0         512    
       Linker Generated:              0       105       0      
    +--+------------------------------+-------+---------+---------+
       Grand Total:                   11508   1050      766    


LINKER GENERATED COPY TABLES

__TI_cinit_table @ 00013110 records: 2, size/record: 8, table size: 16
	.data: load addr=000130b0, load size=00000045 bytes, run addr=200002a8, run size=00000059 bytes, compression=lzss
	.bss: load addr=00013108, load size=00000008 bytes, run addr=20000200, run size=000000a6 bytes, compression=zero_init


LINKER GENERATED HANDLER TABLE

__TI_handler_table @ 000130f8 records: 3, size/record: 4, table size: 12
	index: 0, handler: __TI_decompress_lzss
	index: 1, handler: __TI_decompress_none
	index: 2, handler: __TI_zero_init


GLOBAL SYMBOLS: SORTED ALPHABETICALLY BY Name 

address   name                           
-------   ----                           
000123dd  ADC_Init                       
00012475  ADC_Read_Data                  
000124f1  ADC_Read_internal_temp         
00012da1  C$$EXIT                        
000110c1  DIO_FlipChannel                
00010ce1  DIO_Init                       
00010e11  DIO_ReadChannel                
00011001  DIO_ReadPort                   
00010ec5  DIO_WriteChannel               
00011075  DIO_WritePort                  
00011a77  GPT_EnableNotification         
00011909  GPT_Init                       
00011a47  GPT_SetPWM                     
00011b01  GPT_StartTimer                 
00011b2d  GPT_getValue                   
00011b51  GPT_stopTimer                  
200002d4  InitPtr                        
200002dc  LDR_1                          
200002e2  LDR_2                          
200002ed  LEFT_SIDE                      
200002f1  RIGHT_SIDE                     
00012f57  ResetISR                       
0001309c  SCBConfig                      
200002b4  SCB_ActivatedClockGates        
00011fe9  SCB_DistributePllClock         
00012017  SCB_GetPllStatus               
00011e17  SCB_GetResetRawValue           
00011e01  SCB_Init                       
00011e3b  SCB_InitClock                  
00011e2d  SCB_PerformReset               
UNDEFED   SHT$$INIT_ARRAY$$Base          
UNDEFED   SHT$$INIT_ARRAY$$Limit         
00012189  SYSTICK_Handler                
00012045  SYSTICK_Init                   
000120c1  SYSTICK_setBusyWait            
200002a2  SYSTICK_u8ModeOfInterval       
000130ac  SYSTIC_Config                  
00012121  SYSTIC_voidSetIntervalPeriodic 
000117f1  TIMER0A_Handler                
0001182f  TIMER1A_Handler                
0001186d  TIMER2A_Handler                
20000200  __STACK_END                    
00000200  __STACK_SIZE                   
20000200  __STACK_TOP                    
00013110  __TI_CINIT_Base                
00013120  __TI_CINIT_Limit               
000130f8  __TI_Handler_Table_Base        
00013104  __TI_Handler_Table_Limit       
00012bb1  __TI_auto_init                 
200002a8  __TI_cleanup_ptr               
00012c21  __TI_decompress_lzss           
00012f3d  __TI_decompress_none           
200002ac  __TI_dtors_ptr                 
200002b0  __TI_enable_exit_profile_output
ffffffff  __TI_pprof_out_hndl            
ffffffff  __TI_prof_data_size            
ffffffff  __TI_prof_data_start           
000130b0  __TI_static_base__             
00012f4b  __TI_zero_init                 
00012e41  __aeabi_d2iz                   
00012e89  __aeabi_d2uiz                  
0001222f  __aeabi_dadd                   
00012565  __aeabi_ddiv                   
0001269b  __aeabi_dmul                   
00012225  __aeabi_dsub                   
00012b35  __aeabi_memclr                 
00012b35  __aeabi_memclr4                
00012b35  __aeabi_memclr8                
00012979  __aeabi_memcpy                 
00012979  __aeabi_memcpy4                
00012979  __aeabi_memcpy8                
00012b37  __aeabi_memset                 
00012b37  __aeabi_memset4                
00012b37  __aeabi_memset8                
00012ef1  __aeabi_ui2d                   
ffffffff  __binit__                      
ffffffff  __c_args__                     
000117ef  __mpu_init                     
20000000  __stack                        
00012f11  _args_main                     
00012d4d  _c_int00                       
200002cc  _lock                          
00012f37  _nop                           
00012f2f  _register_lock                 
00012f29  _register_unlock               
000123db  _system_post_cinit             
00012f63  _system_pre_init               
200002d0  _unlock                        
00012da5  abort                          
00011d4f  autonomous_car_init            
00011d0d  avoid_obstacles                
ffffffff  binit                          
00012c89  button_get_state               
20000230  captured_val                   
00012a3d  carSideConfig                  
00012a15  carSideInit                    
00012df5  copy_in                        
200002a0  counter_time_out               
00012925  create_task                    
00012ecd  delay                          
00012799  delay_micro                    
00012dad  exit                           
00010000  g_pfnVectors                   
00011c77  get_temp                       
0001306a  gptConfig                      
200002c0  lcd_car                        
00011cb3  lcd_display                    
000112c9  lcd_init                       
0001174b  lcd_sendFloat                  
00011377  lcd_send_chr                   
000114cf  lcd_send_chr_pos               
00011105  lcd_send_command               
000116e1  lcd_send_custome_chr_pos       
0001161f  lcd_send_number                
00011559  lcd_send_number_pos            
000114f9  lcd_send_string                
00011533  lcd_send_string_pos            
00011263  lcd_set_cursor                 
00011bc9  ldr_swing_car                  
00012ced  main                           
200002f8  main_func_sp                   
00012979  memcpy                         
00012b3d  memset                         
00012f68  portConfig                     
00012aa9  robotInit                      
00012ab5  robotMoveForward               
00012af1  robotMoveLeft                  
00012b05  robotMoveRight                 
00012add  robotMoveRotate                
00012ac9  robotMoveStop                  
00012b19  robotMoveback                  
200002a3  run_flag                       
00012895  set_run_flag                   
200002f5  start_button                   
200002a4  start_move_flag                
00011b9d  start_stop_condition           
200002fc  stop_button                    
00012915  tasks_scheduler                
200002a5  time_in_sec                    
000127b9  ultarsonicSensorReadValue      
200002ff  ultraSonic1                    


GLOBAL SYMBOLS: SORTED BY Symbol Address 

address   name                           
-------   ----                           
00000200  __STACK_SIZE                   
00010000  g_pfnVectors                   
00010ce1  DIO_Init                       
00010e11  DIO_ReadChannel                
00010ec5  DIO_WriteChannel               
00011001  DIO_ReadPort                   
00011075  DIO_WritePort                  
000110c1  DIO_FlipChannel                
00011105  lcd_send_command               
00011263  lcd_set_cursor                 
000112c9  lcd_init                       
00011377  lcd_send_chr                   
000114cf  lcd_send_chr_pos               
000114f9  lcd_send_string                
00011533  lcd_send_string_pos            
00011559  lcd_send_number_pos            
0001161f  lcd_send_number                
000116e1  lcd_send_custome_chr_pos       
0001174b  lcd_sendFloat                  
000117ef  __mpu_init                     
000117f1  TIMER0A_Handler                
0001182f  TIMER1A_Handler                
0001186d  TIMER2A_Handler                
00011909  GPT_Init                       
00011a47  GPT_SetPWM                     
00011a77  GPT_EnableNotification         
00011b01  GPT_StartTimer                 
00011b2d  GPT_getValue                   
00011b51  GPT_stopTimer                  
00011b9d  start_stop_condition           
00011bc9  ldr_swing_car                  
00011c77  get_temp                       
00011cb3  lcd_display                    
00011d0d  avoid_obstacles                
00011d4f  autonomous_car_init            
00011e01  SCB_Init                       
00011e17  SCB_GetResetRawValue           
00011e2d  SCB_PerformReset               
00011e3b  SCB_InitClock                  
00011fe9  SCB_DistributePllClock         
00012017  SCB_GetPllStatus               
00012045  SYSTICK_Init                   
000120c1  SYSTICK_setBusyWait            
00012121  SYSTIC_voidSetIntervalPeriodic 
00012189  SYSTICK_Handler                
00012225  __aeabi_dsub                   
0001222f  __aeabi_dadd                   
000123db  _system_post_cinit             
000123dd  ADC_Init                       
00012475  ADC_Read_Data                  
000124f1  ADC_Read_internal_temp         
00012565  __aeabi_ddiv                   
0001269b  __aeabi_dmul                   
00012799  delay_micro                    
000127b9  ultarsonicSensorReadValue      
00012895  set_run_flag                   
00012915  tasks_scheduler                
00012925  create_task                    
00012979  __aeabi_memcpy                 
00012979  __aeabi_memcpy4                
00012979  __aeabi_memcpy8                
00012979  memcpy                         
00012a15  carSideInit                    
00012a3d  carSideConfig                  
00012aa9  robotInit                      
00012ab5  robotMoveForward               
00012ac9  robotMoveStop                  
00012add  robotMoveRotate                
00012af1  robotMoveLeft                  
00012b05  robotMoveRight                 
00012b19  robotMoveback                  
00012b35  __aeabi_memclr                 
00012b35  __aeabi_memclr4                
00012b35  __aeabi_memclr8                
00012b37  __aeabi_memset                 
00012b37  __aeabi_memset4                
00012b37  __aeabi_memset8                
00012b3d  memset                         
00012bb1  __TI_auto_init                 
00012c21  __TI_decompress_lzss           
00012c89  button_get_state               
00012ced  main                           
00012d4d  _c_int00                       
00012da1  C$$EXIT                        
00012da5  abort                          
00012dad  exit                           
00012df5  copy_in                        
00012e41  __aeabi_d2iz                   
00012e89  __aeabi_d2uiz                  
00012ecd  delay                          
00012ef1  __aeabi_ui2d                   
00012f11  _args_main                     
00012f29  _register_unlock               
00012f2f  _register_lock                 
00012f37  _nop                           
00012f3d  __TI_decompress_none           
00012f4b  __TI_zero_init                 
00012f57  ResetISR                       
00012f63  _system_pre_init               
00012f68  portConfig                     
0001306a  gptConfig                      
0001309c  SCBConfig                      
000130ac  SYSTIC_Config                  
000130b0  __TI_static_base__             
000130f8  __TI_Handler_Table_Base        
00013104  __TI_Handler_Table_Limit       
00013110  __TI_CINIT_Base                
00013120  __TI_CINIT_Limit               
20000000  __stack                        
20000200  __STACK_END                    
20000200  __STACK_TOP                    
20000230  captured_val                   
200002a0  counter_time_out               
200002a2  SYSTICK_u8ModeOfInterval       
200002a3  run_flag                       
200002a4  start_move_flag                
200002a5  time_in_sec                    
200002a8  __TI_cleanup_ptr               
200002ac  __TI_dtors_ptr                 
200002b0  __TI_enable_exit_profile_output
200002b4  SCB_ActivatedClockGates        
200002c0  lcd_car                        
200002cc  _lock                          
200002d0  _unlock                        
200002d4  InitPtr                        
200002dc  LDR_1                          
200002e2  LDR_2                          
200002ed  LEFT_SIDE                      
200002f1  RIGHT_SIDE                     
200002f5  start_button                   
200002f8  main_func_sp                   
200002fc  stop_button                    
200002ff  ultraSonic1                    
ffffffff  __TI_pprof_out_hndl            
ffffffff  __TI_prof_data_size            
ffffffff  __TI_prof_data_start           
ffffffff  __binit__                      
ffffffff  __c_args__                     
ffffffff  binit                          
UNDEFED   SHT$$INIT_ARRAY$$Base          
UNDEFED   SHT$$INIT_ARRAY$$Limit         

[141 symbols]
