<?xml version="1.0"?>
<link_info>
   <banner>TI ARM Linker PC v16.9.4.LTS</banner>
   <copyright>Copyright (c) 1996-2017 Texas Instruments Incorporated</copyright>
   <link_time>0x650c32ab</link_time>
   <link_errors>0x0</link_errors>
   <output_file>Tiva_c.out</output_file>
   <entry_point>
      <name>_c_int00</name>
      <address>0x12d4d</address>
   </entry_point>
   <input_file_list>
      <input_file id="fl-2">
         <path>.\</path>
         <kind>object</kind>
         <file>GPIO.obj</file>
         <name>GPIO.obj</name>
      </input_file>
      <input_file id="fl-3">
         <path>.\</path>
         <kind>object</kind>
         <file>GPIO_config.obj</file>
         <name>GPIO_config.obj</name>
      </input_file>
      <input_file id="fl-4">
         <path>.\</path>
         <kind>object</kind>
         <file>GPT.obj</file>
         <name>GPT.obj</name>
      </input_file>
      <input_file id="fl-5">
         <path>.\</path>
         <kind>object</kind>
         <file>GPT_config.obj</file>
         <name>GPT_config.obj</name>
      </input_file>
      <input_file id="fl-6">
         <path>.\</path>
         <kind>object</kind>
         <file>SCB.obj</file>
         <name>SCB.obj</name>
      </input_file>
      <input_file id="fl-7">
         <path>.\</path>
         <kind>object</kind>
         <file>SCB_config.obj</file>
         <name>SCB_config.obj</name>
      </input_file>
      <input_file id="fl-8">
         <path>.\</path>
         <kind>object</kind>
         <file>SCHEDULAR.obj</file>
         <name>SCHEDULAR.obj</name>
      </input_file>
      <input_file id="fl-9">
         <path>.\</path>
         <kind>object</kind>
         <file>SYSTICK.obj</file>
         <name>SYSTICK.obj</name>
      </input_file>
      <input_file id="fl-a">
         <path>.\</path>
         <kind>object</kind>
         <file>SYSTICK_config.obj</file>
         <name>SYSTICK_config.obj</name>
      </input_file>
      <input_file id="fl-b">
         <path>.\</path>
         <kind>object</kind>
         <file>UART_config.obj</file>
         <name>UART_config.obj</name>
      </input_file>
      <input_file id="fl-c">
         <path>.\</path>
         <kind>object</kind>
         <file>UART_program.obj</file>
         <name>UART_program.obj</name>
      </input_file>
      <input_file id="fl-d">
         <path>.\</path>
         <kind>object</kind>
         <file>adc.obj</file>
         <name>adc.obj</name>
      </input_file>
      <input_file id="fl-e">
         <path>.\</path>
         <kind>object</kind>
         <file>main.obj</file>
         <name>main.obj</name>
      </input_file>
      <input_file id="fl-f">
         <path>.\</path>
         <kind>object</kind>
         <file>tm4c123ge6pm_startup_ccs.obj</file>
         <name>tm4c123ge6pm_startup_ccs.obj</name>
      </input_file>
      <input_file id="fl-10">
         <path>.\Inc\APP\AutonomousCar\</path>
         <kind>object</kind>
         <file>AutonomousCar.obj</file>
         <name>AutonomousCar.obj</name>
      </input_file>
      <input_file id="fl-11">
         <path>.\Inc\APP\AutonomousCar\</path>
         <kind>object</kind>
         <file>AutonomousCar_HandleMain.obj</file>
         <name>AutonomousCar_HandleMain.obj</name>
      </input_file>
      <input_file id="fl-12">
         <path>.\Inc\APP\Calc\</path>
         <kind>object</kind>
         <file>calc.obj</file>
         <name>calc.obj</name>
      </input_file>
      <input_file id="fl-13">
         <path>.\Inc\APP\Calc\</path>
         <kind>object</kind>
         <file>calc_main.obj</file>
         <name>calc_main.obj</name>
      </input_file>
      <input_file id="fl-14">
         <path>.\Inc\APP\StopWatch\</path>
         <kind>object</kind>
         <file>stopWatch.obj</file>
         <name>stopWatch.obj</name>
      </input_file>
      <input_file id="fl-15">
         <path>.\Inc\HAL\KEYPAD\</path>
         <kind>object</kind>
         <file>keypad.obj</file>
         <name>keypad.obj</name>
      </input_file>
      <input_file id="fl-16">
         <path>.\Inc\HAL\LCD\</path>
         <kind>object</kind>
         <file>lcd.obj</file>
         <name>lcd.obj</name>
      </input_file>
      <input_file id="fl-17">
         <path>.\Inc\HAL\MOTOR\</path>
         <kind>object</kind>
         <file>motor.obj</file>
         <name>motor.obj</name>
      </input_file>
      <input_file id="fl-18">
         <path>.\Inc\HAL\SWITCH\</path>
         <kind>object</kind>
         <file>switch.obj</file>
         <name>switch.obj</name>
      </input_file>
      <input_file id="fl-19">
         <path>.\Inc\HAL\ULTRASONIC\</path>
         <kind>object</kind>
         <file>ultrasonic.obj</file>
         <name>ultrasonic.obj</name>
      </input_file>
      <input_file id="fl-1a">
         <path>.\Inc\LIB\</path>
         <kind>object</kind>
         <file>delay.obj</file>
         <name>delay.obj</name>
      </input_file>
      <input_file id="fl-1e">
         <kind>object</kind>
         <file>&lt;internal&gt;</file>
         <name>&lt;internal&gt;</name>
      </input_file>
      <input_file id="fl-d4">
         <path>C:\ti\ccsv7\tools\compiler\ti-cgt-arm_16.9.4.LTS\lib\</path>
         <kind>archive</kind>
         <file>rtsv7M4_T_le_v4SPD16_eabi.lib</file>
         <name>boot.obj</name>
      </input_file>
      <input_file id="fl-d5">
         <path>C:\ti\ccsv7\tools\compiler\ti-cgt-arm_16.9.4.LTS\lib\</path>
         <kind>archive</kind>
         <file>rtsv7M4_T_le_v4SPD16_eabi.lib</file>
         <name>copy_decompress_lzss.obj</name>
      </input_file>
      <input_file id="fl-d6">
         <path>C:\ti\ccsv7\tools\compiler\ti-cgt-arm_16.9.4.LTS\lib\</path>
         <kind>archive</kind>
         <file>rtsv7M4_T_le_v4SPD16_eabi.lib</file>
         <name>copy_decompress_none.obj</name>
      </input_file>
      <input_file id="fl-d7">
         <path>C:\ti\ccsv7\tools\compiler\ti-cgt-arm_16.9.4.LTS\lib\</path>
         <kind>archive</kind>
         <file>rtsv7M4_T_le_v4SPD16_eabi.lib</file>
         <name>copy_zero_init.obj</name>
      </input_file>
      <input_file id="fl-d8">
         <path>C:\ti\ccsv7\tools\compiler\ti-cgt-arm_16.9.4.LTS\lib\</path>
         <kind>archive</kind>
         <file>rtsv7M4_T_le_v4SPD16_eabi.lib</file>
         <name>exit.obj</name>
      </input_file>
      <input_file id="fl-d9">
         <path>C:\ti\ccsv7\tools\compiler\ti-cgt-arm_16.9.4.LTS\lib\</path>
         <kind>archive</kind>
         <file>rtsv7M4_T_le_v4SPD16_eabi.lib</file>
         <name>fd_add_t2.obj</name>
      </input_file>
      <input_file id="fl-da">
         <path>C:\ti\ccsv7\tools\compiler\ti-cgt-arm_16.9.4.LTS\lib\</path>
         <kind>archive</kind>
         <file>rtsv7M4_T_le_v4SPD16_eabi.lib</file>
         <name>fd_cmp_t2.obj</name>
      </input_file>
      <input_file id="fl-db">
         <path>C:\ti\ccsv7\tools\compiler\ti-cgt-arm_16.9.4.LTS\lib\</path>
         <kind>archive</kind>
         <file>rtsv7M4_T_le_v4SPD16_eabi.lib</file>
         <name>fd_div_t2.obj</name>
      </input_file>
      <input_file id="fl-dc">
         <path>C:\ti\ccsv7\tools\compiler\ti-cgt-arm_16.9.4.LTS\lib\</path>
         <kind>archive</kind>
         <file>rtsv7M4_T_le_v4SPD16_eabi.lib</file>
         <name>fd_mul_t2.obj</name>
      </input_file>
      <input_file id="fl-dd">
         <path>C:\ti\ccsv7\tools\compiler\ti-cgt-arm_16.9.4.LTS\lib\</path>
         <kind>archive</kind>
         <file>rtsv7M4_T_le_v4SPD16_eabi.lib</file>
         <name>fd_toi_t2.obj</name>
      </input_file>
      <input_file id="fl-de">
         <path>C:\ti\ccsv7\tools\compiler\ti-cgt-arm_16.9.4.LTS\lib\</path>
         <kind>archive</kind>
         <file>rtsv7M4_T_le_v4SPD16_eabi.lib</file>
         <name>fd_tos_t2.obj</name>
      </input_file>
      <input_file id="fl-df">
         <path>C:\ti\ccsv7\tools\compiler\ti-cgt-arm_16.9.4.LTS\lib\</path>
         <kind>archive</kind>
         <file>rtsv7M4_T_le_v4SPD16_eabi.lib</file>
         <name>fd_tou_t2.obj</name>
      </input_file>
      <input_file id="fl-e0">
         <path>C:\ti\ccsv7\tools\compiler\ti-cgt-arm_16.9.4.LTS\lib\</path>
         <kind>archive</kind>
         <file>rtsv7M4_T_le_v4SPD16_eabi.lib</file>
         <name>fs_tod_t2.obj</name>
      </input_file>
      <input_file id="fl-e1">
         <path>C:\ti\ccsv7\tools\compiler\ti-cgt-arm_16.9.4.LTS\lib\</path>
         <kind>archive</kind>
         <file>rtsv7M4_T_le_v4SPD16_eabi.lib</file>
         <name>isdigit.obj</name>
      </input_file>
      <input_file id="fl-e2">
         <path>C:\ti\ccsv7\tools\compiler\ti-cgt-arm_16.9.4.LTS\lib\</path>
         <kind>archive</kind>
         <file>rtsv7M4_T_le_v4SPD16_eabi.lib</file>
         <name>memcpy_t2.obj</name>
      </input_file>
      <input_file id="fl-e3">
         <path>C:\ti\ccsv7\tools\compiler\ti-cgt-arm_16.9.4.LTS\lib\</path>
         <kind>archive</kind>
         <file>rtsv7M4_T_le_v4SPD16_eabi.lib</file>
         <name>memset_t2.obj</name>
      </input_file>
      <input_file id="fl-e4">
         <path>C:\ti\ccsv7\tools\compiler\ti-cgt-arm_16.9.4.LTS\lib\</path>
         <kind>archive</kind>
         <file>rtsv7M4_T_le_v4SPD16_eabi.lib</file>
         <name>mpu_init.obj</name>
      </input_file>
      <input_file id="fl-e5">
         <path>C:\ti\ccsv7\tools\compiler\ti-cgt-arm_16.9.4.LTS\lib\</path>
         <kind>archive</kind>
         <file>rtsv7M4_T_le_v4SPD16_eabi.lib</file>
         <name>pre_init.obj</name>
      </input_file>
      <input_file id="fl-e6">
         <path>C:\ti\ccsv7\tools\compiler\ti-cgt-arm_16.9.4.LTS\lib\</path>
         <kind>archive</kind>
         <file>rtsv7M4_T_le_v4SPD16_eabi.lib</file>
         <name>stkdepth_vars.obj</name>
      </input_file>
      <input_file id="fl-e7">
         <path>C:\ti\ccsv7\tools\compiler\ti-cgt-arm_16.9.4.LTS\lib\</path>
         <kind>archive</kind>
         <file>rtsv7M4_T_le_v4SPD16_eabi.lib</file>
         <name>strlen.obj</name>
      </input_file>
      <input_file id="fl-e8">
         <path>C:\ti\ccsv7\tools\compiler\ti-cgt-arm_16.9.4.LTS\lib\</path>
         <kind>archive</kind>
         <file>rtsv7M4_T_le_v4SPD16_eabi.lib</file>
         <name>u_tofd_t2.obj</name>
      </input_file>
      <input_file id="fl-e9">
         <path>C:\ti\ccsv7\tools\compiler\ti-cgt-arm_16.9.4.LTS\lib\</path>
         <kind>archive</kind>
         <file>rtsv7M4_T_le_v4SPD16_eabi.lib</file>
         <name>_lock.obj</name>
      </input_file>
      <input_file id="fl-ea">
         <path>C:\ti\ccsv7\tools\compiler\ti-cgt-arm_16.9.4.LTS\lib\</path>
         <kind>archive</kind>
         <file>rtsv7M4_T_le_v4SPD16_eabi.lib</file>
         <name>args_main.obj</name>
      </input_file>
      <input_file id="fl-eb">
         <path>C:\ti\ccsv7\tools\compiler\ti-cgt-arm_16.9.4.LTS\lib\</path>
         <kind>archive</kind>
         <file>rtsv7M4_T_le_v4SPD16_eabi.lib</file>
         <name>autoinit.obj</name>
      </input_file>
      <input_file id="fl-ec">
         <path>C:\ti\ccsv7\tools\compiler\ti-cgt-arm_16.9.4.LTS\lib\</path>
         <kind>archive</kind>
         <file>rtsv7M4_T_le_v4SPD16_eabi.lib</file>
         <name>cpy_tbl.obj</name>
      </input_file>
      <input_file id="fl-ed">
         <path>C:\ti\ccsv7\tools\compiler\ti-cgt-arm_16.9.4.LTS\lib\</path>
         <kind>archive</kind>
         <file>rtsv7M4_T_le_v4SPD16_eabi.lib</file>
         <name>ctype.obj</name>
      </input_file>
      <input_file id="fl-ee">
         <path>C:\ti\ccsv7\tools\compiler\ti-cgt-arm_16.9.4.LTS\lib\</path>
         <kind>archive</kind>
         <file>rtsv7M4_T_le_v4SPD16_eabi.lib</file>
         <name>startup.obj</name>
      </input_file>
   </input_file_list>
   <object_component_list>
      <object_component id="oc-f">
         <name>.intvecs</name>
         <load_address>0x10000</load_address>
         <run_address>0x10000</run_address>
         <size>0x26c</size>
         <input_file_ref idref="fl-f"/>
      </object_component>
      <object_component id="oc-195">
         <name>.text</name>
         <load_address>0x1026c</load_address>
         <run_address>0x1026c</run_address>
         <size>0xe98</size>
         <input_file_ref idref="fl-2"/>
      </object_component>
      <object_component id="oc-183">
         <name>.text</name>
         <load_address>0x11104</load_address>
         <run_address>0x11104</run_address>
         <size>0x6ea</size>
         <input_file_ref idref="fl-16"/>
      </object_component>
      <object_component id="oc-63">
         <name>.text</name>
         <load_address>0x117ee</load_address>
         <run_address>0x117ee</run_address>
         <size>0x2</size>
         <input_file_ref idref="fl-e4"/>
      </object_component>
      <object_component id="oc-37">
         <name>.text</name>
         <load_address>0x117f0</load_address>
         <run_address>0x117f0</run_address>
         <size>0x3ac</size>
         <input_file_ref idref="fl-4"/>
      </object_component>
      <object_component id="oc-127">
         <name>.text</name>
         <load_address>0x11b9c</load_address>
         <run_address>0x11b9c</run_address>
         <size>0x264</size>
         <input_file_ref idref="fl-11"/>
      </object_component>
      <object_component id="oc-18f">
         <name>.text</name>
         <load_address>0x11e00</load_address>
         <run_address>0x11e00</run_address>
         <size>0x244</size>
         <input_file_ref idref="fl-6"/>
      </object_component>
      <object_component id="oc-31">
         <name>.text</name>
         <load_address>0x12044</load_address>
         <run_address>0x12044</run_address>
         <size>0x1e0</size>
         <input_file_ref idref="fl-9"/>
      </object_component>
      <object_component id="oc-179">
         <name>.text</name>
         <load_address>0x12224</load_address>
         <run_address>0x12224</run_address>
         <size>0x1b6</size>
         <input_file_ref idref="fl-d9"/>
      </object_component>
      <object_component id="oc-cb">
         <name>.text</name>
         <load_address>0x123da</load_address>
         <run_address>0x123da</run_address>
         <size>0x2</size>
         <input_file_ref idref="fl-ee"/>
      </object_component>
      <object_component id="oc-15e">
         <name>.text</name>
         <load_address>0x123dc</load_address>
         <run_address>0x123dc</run_address>
         <size>0x188</size>
         <input_file_ref idref="fl-d"/>
      </object_component>
      <object_component id="oc-174">
         <name>.text</name>
         <load_address>0x12564</load_address>
         <run_address>0x12564</run_address>
         <size>0x136</size>
         <input_file_ref idref="fl-db"/>
      </object_component>
      <object_component id="oc-16f">
         <name>.text</name>
         <load_address>0x1269a</load_address>
         <run_address>0x1269a</run_address>
         <size>0xfc</size>
         <input_file_ref idref="fl-dc"/>
      </object_component>
      <object_component id="oc-189">
         <name>.text</name>
         <load_address>0x12798</load_address>
         <run_address>0x12798</run_address>
         <size>0xfc</size>
         <input_file_ref idref="fl-19"/>
      </object_component>
      <object_component id="oc-12d">
         <name>.text</name>
         <load_address>0x12894</load_address>
         <run_address>0x12894</run_address>
         <size>0xe4</size>
         <input_file_ref idref="fl-8"/>
      </object_component>
      <object_component id="oc-4b">
         <name>.text</name>
         <load_address>0x12978</load_address>
         <run_address>0x12978</run_address>
         <size>0x9c</size>
         <input_file_ref idref="fl-e2"/>
      </object_component>
      <object_component id="oc-1ca">
         <name>.text</name>
         <load_address>0x12a14</load_address>
         <run_address>0x12a14</run_address>
         <size>0x94</size>
         <input_file_ref idref="fl-17"/>
      </object_component>
      <object_component id="oc-164">
         <name>.text</name>
         <load_address>0x12aa8</load_address>
         <run_address>0x12aa8</run_address>
         <size>0x8c</size>
         <input_file_ref idref="fl-10"/>
      </object_component>
      <object_component id="oc-57">
         <name>.text</name>
         <load_address>0x12b34</load_address>
         <run_address>0x12b34</run_address>
         <size>0x7a</size>
         <input_file_ref idref="fl-e3"/>
      </object_component>
      <object_component id="oc-6f">
         <name>.text</name>
         <load_address>0x12bb0</load_address>
         <run_address>0x12bb0</run_address>
         <size>0x70</size>
         <input_file_ref idref="fl-eb"/>
      </object_component>
      <object_component id="oc-12">
         <name>.text:decompress:lzss</name>
         <load_address>0x12c20</load_address>
         <run_address>0x12c20</run_address>
         <size>0x68</size>
         <input_file_ref idref="fl-d5"/>
      </object_component>
      <object_component id="oc-158">
         <name>.text</name>
         <load_address>0x12c88</load_address>
         <run_address>0x12c88</run_address>
         <size>0x62</size>
         <input_file_ref idref="fl-18"/>
      </object_component>
      <object_component id="oc-d3">
         <name>.text</name>
         <load_address>0x12cec</load_address>
         <run_address>0x12cec</run_address>
         <size>0x60</size>
         <input_file_ref idref="fl-e"/>
      </object_component>
      <object_component id="oc-24">
         <name>.text</name>
         <load_address>0x12d4c</load_address>
         <run_address>0x12d4c</run_address>
         <size>0x54</size>
         <input_file_ref idref="fl-d4"/>
      </object_component>
      <object_component id="oc-7b">
         <name>.text</name>
         <load_address>0x12da0</load_address>
         <run_address>0x12da0</run_address>
         <size>0x54</size>
         <input_file_ref idref="fl-d8"/>
      </object_component>
      <object_component id="oc-c5">
         <name>.text</name>
         <load_address>0x12df4</load_address>
         <run_address>0x12df4</run_address>
         <size>0x4c</size>
         <input_file_ref idref="fl-ec"/>
      </object_component>
      <object_component id="oc-17e">
         <name>.text</name>
         <load_address>0x12e40</load_address>
         <run_address>0x12e40</run_address>
         <size>0x48</size>
         <input_file_ref idref="fl-dd"/>
      </object_component>
      <object_component id="oc-1e2">
         <name>.text</name>
         <load_address>0x12e88</load_address>
         <run_address>0x12e88</run_address>
         <size>0x44</size>
         <input_file_ref idref="fl-df"/>
      </object_component>
      <object_component id="oc-1dc">
         <name>.text</name>
         <load_address>0x12ecc</load_address>
         <run_address>0x12ecc</run_address>
         <size>0x24</size>
         <input_file_ref idref="fl-1a"/>
      </object_component>
      <object_component id="oc-16a">
         <name>.text</name>
         <load_address>0x12ef0</load_address>
         <run_address>0x12ef0</run_address>
         <size>0x20</size>
         <input_file_ref idref="fl-e8"/>
      </object_component>
      <object_component id="oc-75">
         <name>.text</name>
         <load_address>0x12f10</load_address>
         <run_address>0x12f10</run_address>
         <size>0x18</size>
         <input_file_ref idref="fl-ea"/>
      </object_component>
      <object_component id="oc-13e">
         <name>.text</name>
         <load_address>0x12f28</load_address>
         <run_address>0x12f28</run_address>
         <size>0x14</size>
         <input_file_ref idref="fl-e9"/>
      </object_component>
      <object_component id="oc-18">
         <name>.text:decompress:none</name>
         <load_address>0x12f3c</load_address>
         <run_address>0x12f3c</run_address>
         <size>0xe</size>
         <input_file_ref idref="fl-d6"/>
      </object_component>
      <object_component id="oc-1e">
         <name>.text:decompress:ZI</name>
         <load_address>0x12f4a</load_address>
         <run_address>0x12f4a</run_address>
         <size>0xc</size>
         <input_file_ref idref="fl-d7"/>
      </object_component>
      <object_component id="oc-2b">
         <name>.text</name>
         <load_address>0x12f56</load_address>
         <run_address>0x12f56</run_address>
         <size>0xc</size>
         <input_file_ref idref="fl-f"/>
      </object_component>
      <object_component id="oc-69">
         <name>.text</name>
         <load_address>0x12f62</load_address>
         <run_address>0x12f62</run_address>
         <size>0x4</size>
         <input_file_ref idref="fl-e5"/>
      </object_component>
      <object_component id="oc-1b3">
         <name>.const:portConfig</name>
         <load_address>0x12f68</load_address>
         <run_address>0x12f68</run_address>
         <size>0x102</size>
         <input_file_ref idref="fl-3"/>
      </object_component>
      <object_component id="oc-9a">
         <name>.const:gptConfig</name>
         <load_address>0x1306a</load_address>
         <run_address>0x1306a</run_address>
         <size>0x30</size>
         <input_file_ref idref="fl-5"/>
      </object_component>
      <object_component id="oc-1b0">
         <name>.const:SCBConfig</name>
         <load_address>0x1309c</load_address>
         <run_address>0x1309c</run_address>
         <size>0x10</size>
         <input_file_ref idref="fl-7"/>
      </object_component>
      <object_component id="oc-1b6">
         <name>.const:SYSTIC_Config</name>
         <load_address>0x130ac</load_address>
         <run_address>0x130ac</run_address>
         <size>0x3</size>
         <input_file_ref idref="fl-a"/>
      </object_component>
      <object_component id="oc-25b">
         <name>.cinit..data.load</name>
         <load_address>0x130b0</load_address>
         <run_address>0x130b0</run_address>
         <size>0x45</size>
      </object_component>
      <object_component id="oc-259">
         <name>__TI_handler_table</name>
         <load_address>0x130f8</load_address>
         <run_address>0x130f8</run_address>
         <size>0xc</size>
      </object_component>
      <object_component id="oc-25c">
         <name>.cinit..bss.load</name>
         <load_address>0x13108</load_address>
         <run_address>0x13108</run_address>
         <size>0x8</size>
      </object_component>
      <object_component id="oc-25a">
         <name>__TI_cinit_table</name>
         <load_address>0x13110</load_address>
         <run_address>0x13110</run_address>
         <size>0x10</size>
      </object_component>
      <object_component id="oc-1eb">
         <name>.data</name>
         <load_address>0x200002e8</load_address>
         <run_address>0x200002e8</run_address>
         <size>0x5</size>
         <input_file_ref idref="fl-6"/>
      </object_component>
      <object_component id="oc-1ee">
         <name>.data:SCB_ActivatedClockGates</name>
         <load_address>0x200002b4</load_address>
         <run_address>0x200002b4</run_address>
         <size>0xc</size>
         <input_file_ref idref="fl-7"/>
      </object_component>
      <object_component id="oc-86">
         <name>.data</name>
         <load_address>0x200002d4</load_address>
         <run_address>0x200002d4</run_address>
         <size>0x8</size>
         <input_file_ref idref="fl-9"/>
      </object_component>
      <object_component id="oc-1d0">
         <name>.data:LEFT_SIDE</name>
         <load_address>0x200002ed</load_address>
         <run_address>0x200002ed</run_address>
         <size>0x4</size>
         <input_file_ref idref="fl-10"/>
      </object_component>
      <object_component id="oc-1d3">
         <name>.data:RIGHT_SIDE</name>
         <load_address>0x200002f1</load_address>
         <run_address>0x200002f1</run_address>
         <size>0x4</size>
         <input_file_ref idref="fl-10"/>
      </object_component>
      <object_component id="oc-1ad">
         <name>.data:ultraSonic1</name>
         <load_address>0x200002ff</load_address>
         <run_address>0x200002ff</run_address>
         <size>0x2</size>
         <input_file_ref idref="fl-11"/>
      </object_component>
      <object_component id="oc-1aa">
         <name>.data:lcd_car</name>
         <load_address>0x200002c0</load_address>
         <run_address>0x200002c0</run_address>
         <size>0xb</size>
         <input_file_ref idref="fl-11"/>
      </object_component>
      <object_component id="oc-19b">
         <name>.data:start_button</name>
         <load_address>0x200002f5</load_address>
         <run_address>0x200002f5</run_address>
         <size>0x3</size>
         <input_file_ref idref="fl-11"/>
      </object_component>
      <object_component id="oc-19e">
         <name>.data:stop_button</name>
         <load_address>0x200002fc</load_address>
         <run_address>0x200002fc</run_address>
         <size>0x3</size>
         <input_file_ref idref="fl-11"/>
      </object_component>
      <object_component id="oc-1a7">
         <name>.data:LDR_1</name>
         <load_address>0x200002dc</load_address>
         <run_address>0x200002dc</run_address>
         <size>0x6</size>
         <input_file_ref idref="fl-11"/>
      </object_component>
      <object_component id="oc-1a4">
         <name>.data:LDR_2</name>
         <load_address>0x200002e2</load_address>
         <run_address>0x200002e2</run_address>
         <size>0x6</size>
         <input_file_ref idref="fl-11"/>
      </object_component>
      <object_component id="oc-db">
         <name>.data:$O1$$</name>
         <load_address>0x200002a8</load_address>
         <run_address>0x200002a8</run_address>
         <size>0xc</size>
         <input_file_ref idref="fl-d8"/>
      </object_component>
      <object_component id="oc-81">
         <name>.data</name>
         <load_address>0x200002f8</load_address>
         <run_address>0x200002f8</run_address>
         <size>0x4</size>
         <input_file_ref idref="fl-e6"/>
      </object_component>
      <object_component id="oc-de">
         <name>.data:$O1$$</name>
         <load_address>0x200002cc</load_address>
         <run_address>0x200002cc</run_address>
         <size>0x8</size>
         <input_file_ref idref="fl-e9"/>
      </object_component>
      <object_component id="oc-97">
         <name>.bss:isr_timer</name>
         <uninitialized>true</uninitialized>
         <run_address>0x20000200</run_address>
         <size>0x30</size>
         <input_file_ref idref="fl-4"/>
      </object_component>
      <object_component id="oc-1bd">
         <name>.bss:TASKS</name>
         <uninitialized>true</uninitialized>
         <run_address>0x20000260</run_address>
         <size>0x28</size>
         <input_file_ref idref="fl-8"/>
      </object_component>
      <object_component id="oc-1a1">
         <name>.bss</name>
         <uninitialized>true</uninitialized>
         <run_address>0x20000288</run_address>
         <size>0x18</size>
         <input_file_ref idref="fl-11"/>
      </object_component>
      <object_component id="oc-9d">
         <name>.common:captured_val</name>
         <uninitialized>true</uninitialized>
         <run_address>0x20000230</run_address>
         <size>0x30</size>
      </object_component>
      <object_component id="oc-1ba">
         <name>.common:run_flag</name>
         <uninitialized>true</uninitialized>
         <run_address>0x200002a3</run_address>
         <size>0x1</size>
      </object_component>
      <object_component id="oc-89">
         <name>.common:SYSTICK_u8ModeOfInterval</name>
         <uninitialized>true</uninitialized>
         <run_address>0x200002a2</run_address>
         <size>0x1</size>
      </object_component>
      <object_component id="oc-90">
         <name>.common:time_in_sec</name>
         <uninitialized>true</uninitialized>
         <run_address>0x200002a5</run_address>
         <size>0x1</size>
      </object_component>
      <object_component id="oc-8f">
         <name>.common:start_move_flag</name>
         <uninitialized>true</uninitialized>
         <run_address>0x200002a4</run_address>
         <size>0x1</size>
      </object_component>
      <object_component id="oc-8c">
         <name>.common:counter_time_out</name>
         <uninitialized>true</uninitialized>
         <run_address>0x200002a0</run_address>
         <size>0x2</size>
      </object_component>
      <object_component id="oc-2a">
         <name>.stack</name>
         <uninitialized>true</uninitialized>
         <run_address>0x20000000</run_address>
         <size>0x0</size>
         <input_file_ref idref="fl-d4"/>
      </object_component>
      <object_component id="oc-25d">
         <name>.stack</name>
         <uninitialized>true</uninitialized>
         <run_address>0x20000000</run_address>
         <size>0x0</size>
      </object_component>
      <object_component id="oc-1f4">
         <name>.debug_info</name>
         <load_address>0x0</load_address>
         <run_address>0x0</run_address>
         <size>0x25f</size>
         <input_file_ref idref="fl-2"/>
      </object_component>
      <object_component id="oc-196">
         <name>.debug_info</name>
         <load_address>0x25f</load_address>
         <run_address>0x25f</run_address>
         <size>0x7c4</size>
         <input_file_ref idref="fl-2"/>
      </object_component>
      <object_component id="oc-f1">
         <name>.debug_info</name>
         <load_address>0xa23</load_address>
         <run_address>0xa23</run_address>
         <size>0x3cc</size>
         <input_file_ref idref="fl-2"/>
      </object_component>
      <object_component id="oc-92">
         <name>.debug_info</name>
         <load_address>0xdef</load_address>
         <run_address>0xdef</run_address>
         <size>0xd9</size>
         <input_file_ref idref="fl-2"/>
      </object_component>
      <object_component id="oc-46">
         <name>.debug_info</name>
         <load_address>0xec8</load_address>
         <run_address>0xec8</run_address>
         <size>0x84</size>
         <input_file_ref idref="fl-2"/>
      </object_component>
      <object_component id="oc-208">
         <name>.debug_info</name>
         <load_address>0xf4c</load_address>
         <run_address>0xf4c</run_address>
         <size>0xd5</size>
         <input_file_ref idref="fl-3"/>
      </object_component>
      <object_component id="oc-1b4">
         <name>.debug_info</name>
         <load_address>0x1021</load_address>
         <run_address>0x1021</run_address>
         <size>0xe6</size>
         <input_file_ref idref="fl-3"/>
      </object_component>
      <object_component id="oc-9e">
         <name>.debug_info</name>
         <load_address>0x1107</load_address>
         <run_address>0x1107</run_address>
         <size>0x2e1</size>
         <input_file_ref idref="fl-4"/>
      </object_component>
      <object_component id="oc-98">
         <name>.debug_info</name>
         <load_address>0x13e8</load_address>
         <run_address>0x13e8</run_address>
         <size>0xdb</size>
         <input_file_ref idref="fl-4"/>
      </object_component>
      <object_component id="oc-39">
         <name>.debug_info</name>
         <load_address>0x14c3</load_address>
         <run_address>0x14c3</run_address>
         <size>0x77c</size>
         <input_file_ref idref="fl-4"/>
      </object_component>
      <object_component id="oc-a1">
         <name>.debug_info</name>
         <load_address>0x1c3f</load_address>
         <run_address>0x1c3f</run_address>
         <size>0x1f4</size>
         <input_file_ref idref="fl-4"/>
      </object_component>
      <object_component id="oc-113">
         <name>.debug_info</name>
         <load_address>0x1e33</load_address>
         <run_address>0x1e33</run_address>
         <size>0xd3</size>
         <input_file_ref idref="fl-5"/>
      </object_component>
      <object_component id="oc-9b">
         <name>.debug_info</name>
         <load_address>0x1f06</load_address>
         <run_address>0x1f06</run_address>
         <size>0xe3</size>
         <input_file_ref idref="fl-5"/>
      </object_component>
      <object_component id="oc-1f2">
         <name>.debug_info</name>
         <load_address>0x1fe9</load_address>
         <run_address>0x1fe9</run_address>
         <size>0x2a9</size>
         <input_file_ref idref="fl-6"/>
      </object_component>
      <object_component id="oc-1ec">
         <name>.debug_info</name>
         <load_address>0x2292</load_address>
         <run_address>0x2292</run_address>
         <size>0x107</size>
         <input_file_ref idref="fl-6"/>
      </object_component>
      <object_component id="oc-190">
         <name>.debug_info</name>
         <load_address>0x2399</load_address>
         <run_address>0x2399</run_address>
         <size>0x424</size>
         <input_file_ref idref="fl-6"/>
      </object_component>
      <object_component id="oc-f6">
         <name>.debug_info</name>
         <load_address>0x27bd</load_address>
         <run_address>0x27bd</run_address>
         <size>0x11c</size>
         <input_file_ref idref="fl-6"/>
      </object_component>
      <object_component id="oc-205">
         <name>.debug_info</name>
         <load_address>0x28d9</load_address>
         <run_address>0x28d9</run_address>
         <size>0xe1</size>
         <input_file_ref idref="fl-7"/>
      </object_component>
      <object_component id="oc-1ef">
         <name>.debug_info</name>
         <load_address>0x29ba</load_address>
         <run_address>0x29ba</run_address>
         <size>0xff</size>
         <input_file_ref idref="fl-7"/>
      </object_component>
      <object_component id="oc-1b1">
         <name>.debug_info</name>
         <load_address>0x2ab9</load_address>
         <run_address>0x2ab9</run_address>
         <size>0xe3</size>
         <input_file_ref idref="fl-7"/>
      </object_component>
      <object_component id="oc-1bb">
         <name>.debug_info</name>
         <load_address>0x2b9c</load_address>
         <run_address>0x2b9c</run_address>
         <size>0x2e3</size>
         <input_file_ref idref="fl-8"/>
      </object_component>
      <object_component id="oc-1be">
         <name>.debug_info</name>
         <load_address>0x2e7f</load_address>
         <run_address>0x2e7f</run_address>
         <size>0xd9</size>
         <input_file_ref idref="fl-8"/>
      </object_component>
      <object_component id="oc-130">
         <name>.debug_info</name>
         <load_address>0x2f58</load_address>
         <run_address>0x2f58</run_address>
         <size>0x322</size>
         <input_file_ref idref="fl-8"/>
      </object_component>
      <object_component id="oc-ea">
         <name>.debug_info</name>
         <load_address>0x327a</load_address>
         <run_address>0x327a</run_address>
         <size>0xed</size>
         <input_file_ref idref="fl-8"/>
      </object_component>
      <object_component id="oc-20e">
         <name>.debug_info</name>
         <load_address>0x3367</load_address>
         <run_address>0x3367</run_address>
         <size>0x72</size>
         <input_file_ref idref="fl-8"/>
      </object_component>
      <object_component id="oc-8a">
         <name>.debug_info</name>
         <load_address>0x33d9</load_address>
         <run_address>0x33d9</run_address>
         <size>0x333</size>
         <input_file_ref idref="fl-9"/>
      </object_component>
      <object_component id="oc-87">
         <name>.debug_info</name>
         <load_address>0x370c</load_address>
         <run_address>0x370c</run_address>
         <size>0x10c</size>
         <input_file_ref idref="fl-9"/>
      </object_component>
      <object_component id="oc-32">
         <name>.debug_info</name>
         <load_address>0x3818</load_address>
         <run_address>0x3818</run_address>
         <size>0x314</size>
         <input_file_ref idref="fl-9"/>
      </object_component>
      <object_component id="oc-20b">
         <name>.debug_info</name>
         <load_address>0x3b2c</load_address>
         <run_address>0x3b2c</run_address>
         <size>0xd7</size>
         <input_file_ref idref="fl-a"/>
      </object_component>
      <object_component id="oc-1b7">
         <name>.debug_info</name>
         <load_address>0x3c03</load_address>
         <run_address>0x3c03</run_address>
         <size>0xef</size>
         <input_file_ref idref="fl-a"/>
      </object_component>
      <object_component id="oc-1c9">
         <name>.debug_info</name>
         <load_address>0x3cf2</load_address>
         <run_address>0x3cf2</run_address>
         <size>0x263</size>
         <input_file_ref idref="fl-d"/>
      </object_component>
      <object_component id="oc-160">
         <name>.debug_info</name>
         <load_address>0x3f55</load_address>
         <run_address>0x3f55</run_address>
         <size>0x292</size>
         <input_file_ref idref="fl-d"/>
      </object_component>
      <object_component id="oc-10a">
         <name>.debug_info</name>
         <load_address>0x41e7</load_address>
         <run_address>0x41e7</run_address>
         <size>0x8e</size>
         <input_file_ref idref="fl-d"/>
      </object_component>
      <object_component id="oc-134">
         <name>.debug_info</name>
         <load_address>0x4275</load_address>
         <run_address>0x4275</run_address>
         <size>0x3af</size>
         <input_file_ref idref="fl-e"/>
      </object_component>
      <object_component id="oc-d5">
         <name>.debug_info</name>
         <load_address>0x4624</load_address>
         <run_address>0x4624</run_address>
         <size>0x1cb</size>
         <input_file_ref idref="fl-e"/>
      </object_component>
      <object_component id="oc-100">
         <name>.debug_info</name>
         <load_address>0x47ef</load_address>
         <run_address>0x47ef</run_address>
         <size>0x1b5</size>
         <input_file_ref idref="fl-e"/>
      </object_component>
      <object_component id="oc-105">
         <name>.debug_info</name>
         <load_address>0x49a4</load_address>
         <run_address>0x49a4</run_address>
         <size>0xc4</size>
         <input_file_ref idref="fl-e"/>
      </object_component>
      <object_component id="oc-21b">
         <name>.debug_info</name>
         <load_address>0x4a68</load_address>
         <run_address>0x4a68</run_address>
         <size>0xb8</size>
         <input_file_ref idref="fl-e"/>
      </object_component>
      <object_component id="oc-fb">
         <name>.debug_info</name>
         <load_address>0x4b20</load_address>
         <run_address>0x4b20</run_address>
         <size>0x5e</size>
         <input_file_ref idref="fl-e"/>
      </object_component>
      <object_component id="oc-3f">
         <name>.debug_info</name>
         <load_address>0x4b7e</load_address>
         <run_address>0x4b7e</run_address>
         <size>0x33e</size>
         <input_file_ref idref="fl-f"/>
      </object_component>
      <object_component id="oc-10">
         <name>.debug_info</name>
         <load_address>0x4ebc</load_address>
         <run_address>0x4ebc</run_address>
         <size>0xf7</size>
         <input_file_ref idref="fl-f"/>
      </object_component>
      <object_component id="oc-2d">
         <name>.debug_info</name>
         <load_address>0x4fb3</load_address>
         <run_address>0x4fb3</run_address>
         <size>0x273</size>
         <input_file_ref idref="fl-f"/>
      </object_component>
      <object_component id="oc-a8">
         <name>.debug_info</name>
         <load_address>0x5226</load_address>
         <run_address>0x5226</run_address>
         <size>0x18b</size>
         <input_file_ref idref="fl-f"/>
      </object_component>
      <object_component id="oc-1d1">
         <name>.debug_info</name>
         <load_address>0x53b1</load_address>
         <run_address>0x53b1</run_address>
         <size>0xfc</size>
         <input_file_ref idref="fl-10"/>
      </object_component>
      <object_component id="oc-1d4">
         <name>.debug_info</name>
         <load_address>0x54ad</load_address>
         <run_address>0x54ad</run_address>
         <size>0xfe</size>
         <input_file_ref idref="fl-10"/>
      </object_component>
      <object_component id="oc-165">
         <name>.debug_info</name>
         <load_address>0x55ab</load_address>
         <run_address>0x55ab</run_address>
         <size>0x5b4</size>
         <input_file_ref idref="fl-10"/>
      </object_component>
      <object_component id="oc-8d">
         <name>.debug_info</name>
         <load_address>0x5b5f</load_address>
         <run_address>0x5b5f</run_address>
         <size>0x794</size>
         <input_file_ref idref="fl-11"/>
      </object_component>
      <object_component id="oc-1ae">
         <name>.debug_info</name>
         <load_address>0x62f3</load_address>
         <run_address>0x62f3</run_address>
         <size>0x10b</size>
         <input_file_ref idref="fl-11"/>
      </object_component>
      <object_component id="oc-1ab">
         <name>.debug_info</name>
         <load_address>0x63fe</load_address>
         <run_address>0x63fe</run_address>
         <size>0x103</size>
         <input_file_ref idref="fl-11"/>
      </object_component>
      <object_component id="oc-19c">
         <name>.debug_info</name>
         <load_address>0x6501</load_address>
         <run_address>0x6501</run_address>
         <size>0x10d</size>
         <input_file_ref idref="fl-11"/>
      </object_component>
      <object_component id="oc-19f">
         <name>.debug_info</name>
         <load_address>0x660e</load_address>
         <run_address>0x660e</run_address>
         <size>0x10b</size>
         <input_file_ref idref="fl-11"/>
      </object_component>
      <object_component id="oc-1a8">
         <name>.debug_info</name>
         <load_address>0x6719</load_address>
         <run_address>0x6719</run_address>
         <size>0xff</size>
         <input_file_ref idref="fl-11"/>
      </object_component>
      <object_component id="oc-1a5">
         <name>.debug_info</name>
         <load_address>0x6818</load_address>
         <run_address>0x6818</run_address>
         <size>0xff</size>
         <input_file_ref idref="fl-11"/>
      </object_component>
      <object_component id="oc-1a2">
         <name>.debug_info</name>
         <load_address>0x6917</load_address>
         <run_address>0x6917</run_address>
         <size>0x1ba</size>
         <input_file_ref idref="fl-11"/>
      </object_component>
      <object_component id="oc-129">
         <name>.debug_info</name>
         <load_address>0x6ad1</load_address>
         <run_address>0x6ad1</run_address>
         <size>0x777</size>
         <input_file_ref idref="fl-11"/>
      </object_component>
      <object_component id="oc-bc">
         <name>.debug_info</name>
         <load_address>0x7248</load_address>
         <run_address>0x7248</run_address>
         <size>0x2c</size>
         <input_file_ref idref="fl-12"/>
      </object_component>
      <object_component id="oc-1e8">
         <name>.debug_info</name>
         <load_address>0x7274</load_address>
         <run_address>0x7274</run_address>
         <size>0x2df</size>
         <input_file_ref idref="fl-16"/>
      </object_component>
      <object_component id="oc-186">
         <name>.debug_info</name>
         <load_address>0x7553</load_address>
         <run_address>0x7553</run_address>
         <size>0x11d3</size>
         <input_file_ref idref="fl-16"/>
      </object_component>
      <object_component id="oc-21a">
         <name>.debug_info</name>
         <load_address>0x8726</load_address>
         <run_address>0x8726</run_address>
         <size>0x2cb</size>
         <input_file_ref idref="fl-17"/>
      </object_component>
      <object_component id="oc-1cb">
         <name>.debug_info</name>
         <load_address>0x89f1</load_address>
         <run_address>0x89f1</run_address>
         <size>0x303</size>
         <input_file_ref idref="fl-17"/>
      </object_component>
      <object_component id="oc-1c7">
         <name>.debug_info</name>
         <load_address>0x8cf4</load_address>
         <run_address>0x8cf4</run_address>
         <size>0x29f</size>
         <input_file_ref idref="fl-18"/>
      </object_component>
      <object_component id="oc-159">
         <name>.debug_info</name>
         <load_address>0x8f93</load_address>
         <run_address>0x8f93</run_address>
         <size>0x1b1</size>
         <input_file_ref idref="fl-18"/>
      </object_component>
      <object_component id="oc-1ea">
         <name>.debug_info</name>
         <load_address>0x9144</load_address>
         <run_address>0x9144</run_address>
         <size>0x36f</size>
         <input_file_ref idref="fl-19"/>
      </object_component>
      <object_component id="oc-18a">
         <name>.debug_info</name>
         <load_address>0x94b3</load_address>
         <run_address>0x94b3</run_address>
         <size>0x3c9</size>
         <input_file_ref idref="fl-19"/>
      </object_component>
      <object_component id="oc-1de">
         <name>.debug_info</name>
         <load_address>0x987c</load_address>
         <run_address>0x987c</run_address>
         <size>0x159</size>
         <input_file_ref idref="fl-1a"/>
      </object_component>
      <object_component id="oc-25">
         <name>.debug_info</name>
         <load_address>0x99d5</load_address>
         <run_address>0x99d5</run_address>
         <size>0x160</size>
         <input_file_ref idref="fl-d4"/>
      </object_component>
      <object_component id="oc-b2">
         <name>.debug_info</name>
         <load_address>0x9b35</load_address>
         <run_address>0x9b35</run_address>
         <size>0x293</size>
         <input_file_ref idref="fl-d5"/>
      </object_component>
      <object_component id="oc-13">
         <name>.debug_info</name>
         <load_address>0x9dc8</load_address>
         <run_address>0x9dc8</run_address>
         <size>0x245</size>
         <input_file_ref idref="fl-d5"/>
      </object_component>
      <object_component id="oc-41">
         <name>.debug_info</name>
         <load_address>0xa00d</load_address>
         <run_address>0xa00d</run_address>
         <size>0x60</size>
         <input_file_ref idref="fl-d5"/>
      </object_component>
      <object_component id="oc-ad">
         <name>.debug_info</name>
         <load_address>0xa06d</load_address>
         <run_address>0xa06d</run_address>
         <size>0x46</size>
         <input_file_ref idref="fl-d5"/>
      </object_component>
      <object_component id="oc-56">
         <name>.debug_info</name>
         <load_address>0xa0b3</load_address>
         <run_address>0xa0b3</run_address>
         <size>0x2da</size>
         <input_file_ref idref="fl-d6"/>
      </object_component>
      <object_component id="oc-1a">
         <name>.debug_info</name>
         <load_address>0xa38d</load_address>
         <run_address>0xa38d</run_address>
         <size>0x1df</size>
         <input_file_ref idref="fl-d6"/>
      </object_component>
      <object_component id="oc-51">
         <name>.debug_info</name>
         <load_address>0xa56c</load_address>
         <run_address>0xa56c</run_address>
         <size>0x46</size>
         <input_file_ref idref="fl-d6"/>
      </object_component>
      <object_component id="oc-b4">
         <name>.debug_info</name>
         <load_address>0xa5b2</load_address>
         <run_address>0xa5b2</run_address>
         <size>0x2c</size>
         <input_file_ref idref="fl-d6"/>
      </object_component>
      <object_component id="oc-62">
         <name>.debug_info</name>
         <load_address>0xa5de</load_address>
         <run_address>0xa5de</run_address>
         <size>0x2c9</size>
         <input_file_ref idref="fl-d7"/>
      </object_component>
      <object_component id="oc-21">
         <name>.debug_info</name>
         <load_address>0xa8a7</load_address>
         <run_address>0xa8a7</run_address>
         <size>0x1aa</size>
         <input_file_ref idref="fl-d7"/>
      </object_component>
      <object_component id="oc-5d">
         <name>.debug_info</name>
         <load_address>0xaa51</load_address>
         <run_address>0xaa51</run_address>
         <size>0x46</size>
         <input_file_ref idref="fl-d7"/>
      </object_component>
      <object_component id="oc-e2">
         <name>.debug_info</name>
         <load_address>0xaa97</load_address>
         <run_address>0xaa97</run_address>
         <size>0x3ce</size>
         <input_file_ref idref="fl-d8"/>
      </object_component>
      <object_component id="oc-dc">
         <name>.debug_info</name>
         <load_address>0xae65</load_address>
         <run_address>0xae65</run_address>
         <size>0x185</size>
         <input_file_ref idref="fl-d8"/>
      </object_component>
      <object_component id="oc-7c">
         <name>.debug_info</name>
         <load_address>0xafea</load_address>
         <run_address>0xafea</run_address>
         <size>0x214</size>
         <input_file_ref idref="fl-d8"/>
      </object_component>
      <object_component id="oc-17a">
         <name>.debug_info</name>
         <load_address>0xb1fe</load_address>
         <run_address>0xb1fe</run_address>
         <size>0x144</size>
         <input_file_ref idref="fl-d9"/>
      </object_component>
      <object_component id="oc-176">
         <name>.debug_info</name>
         <load_address>0xb342</load_address>
         <run_address>0xb342</run_address>
         <size>0x132</size>
         <input_file_ref idref="fl-db"/>
      </object_component>
      <object_component id="oc-170">
         <name>.debug_info</name>
         <load_address>0xb474</load_address>
         <run_address>0xb474</run_address>
         <size>0x132</size>
         <input_file_ref idref="fl-dc"/>
      </object_component>
      <object_component id="oc-17f">
         <name>.debug_info</name>
         <load_address>0xb5a6</load_address>
         <run_address>0xb5a6</run_address>
         <size>0x126</size>
         <input_file_ref idref="fl-dd"/>
      </object_component>
      <object_component id="oc-1e5">
         <name>.debug_info</name>
         <load_address>0xb6cc</load_address>
         <run_address>0xb6cc</run_address>
         <size>0x131</size>
         <input_file_ref idref="fl-df"/>
      </object_component>
      <object_component id="oc-4c">
         <name>.debug_info</name>
         <load_address>0xb7fd</load_address>
         <run_address>0xb7fd</run_address>
         <size>0x111</size>
         <input_file_ref idref="fl-e2"/>
      </object_component>
      <object_component id="oc-58">
         <name>.debug_info</name>
         <load_address>0xb90e</load_address>
         <run_address>0xb90e</run_address>
         <size>0x13f</size>
         <input_file_ref idref="fl-e3"/>
      </object_component>
      <object_component id="oc-66">
         <name>.debug_info</name>
         <load_address>0xba4d</load_address>
         <run_address>0xba4d</run_address>
         <size>0x138</size>
         <input_file_ref idref="fl-e4"/>
      </object_component>
      <object_component id="oc-6d">
         <name>.debug_info</name>
         <load_address>0xbb85</load_address>
         <run_address>0xbb85</run_address>
         <size>0x148</size>
         <input_file_ref idref="fl-e5"/>
      </object_component>
      <object_component id="oc-82">
         <name>.debug_info</name>
         <load_address>0xbccd</load_address>
         <run_address>0xbccd</run_address>
         <size>0x109</size>
         <input_file_ref idref="fl-e6"/>
      </object_component>
      <object_component id="oc-16d">
         <name>.debug_info</name>
         <load_address>0xbdd6</load_address>
         <run_address>0xbdd6</run_address>
         <size>0x126</size>
         <input_file_ref idref="fl-e8"/>
      </object_component>
      <object_component id="oc-146">
         <name>.debug_info</name>
         <load_address>0xbefc</load_address>
         <run_address>0xbefc</run_address>
         <size>0x2be</size>
         <input_file_ref idref="fl-e9"/>
      </object_component>
      <object_component id="oc-df">
         <name>.debug_info</name>
         <load_address>0xc1ba</load_address>
         <run_address>0xc1ba</run_address>
         <size>0x113</size>
         <input_file_ref idref="fl-e9"/>
      </object_component>
      <object_component id="oc-140">
         <name>.debug_info</name>
         <load_address>0xc2cd</load_address>
         <run_address>0xc2cd</run_address>
         <size>0x21f</size>
         <input_file_ref idref="fl-e9"/>
      </object_component>
      <object_component id="oc-da">
         <name>.debug_info</name>
         <load_address>0xc4ec</load_address>
         <run_address>0xc4ec</run_address>
         <size>0x300</size>
         <input_file_ref idref="fl-ea"/>
      </object_component>
      <object_component id="oc-77">
         <name>.debug_info</name>
         <load_address>0xc7ec</load_address>
         <run_address>0xc7ec</run_address>
         <size>0x167</size>
         <input_file_ref idref="fl-ea"/>
      </object_component>
      <object_component id="oc-137">
         <name>.debug_info</name>
         <load_address>0xc953</load_address>
         <run_address>0xc953</run_address>
         <size>0x5e</size>
         <input_file_ref idref="fl-ea"/>
      </object_component>
      <object_component id="oc-d2">
         <name>.debug_info</name>
         <load_address>0xc9b1</load_address>
         <run_address>0xc9b1</run_address>
         <size>0x483</size>
         <input_file_ref idref="fl-eb"/>
      </object_component>
      <object_component id="oc-70">
         <name>.debug_info</name>
         <load_address>0xce34</load_address>
         <run_address>0xce34</run_address>
         <size>0x190</size>
         <input_file_ref idref="fl-eb"/>
      </object_component>
      <object_component id="oc-11d">
         <name>.debug_info</name>
         <load_address>0xcfc4</load_address>
         <run_address>0xcfc4</run_address>
         <size>0x39</size>
         <input_file_ref idref="fl-eb"/>
      </object_component>
      <object_component id="oc-153">
         <name>.debug_info</name>
         <load_address>0xcffd</load_address>
         <run_address>0xcffd</run_address>
         <size>0x39</size>
         <input_file_ref idref="fl-eb"/>
      </object_component>
      <object_component id="oc-122">
         <name>.debug_info</name>
         <load_address>0xd036</load_address>
         <run_address>0xd036</run_address>
         <size>0xcd</size>
         <input_file_ref idref="fl-eb"/>
      </object_component>
      <object_component id="oc-119">
         <name>.debug_info</name>
         <load_address>0xd103</load_address>
         <run_address>0xd103</run_address>
         <size>0x37a</size>
         <input_file_ref idref="fl-ec"/>
      </object_component>
      <object_component id="oc-c9">
         <name>.debug_info</name>
         <load_address>0xd47d</load_address>
         <run_address>0xd47d</run_address>
         <size>0x183</size>
         <input_file_ref idref="fl-ec"/>
      </object_component>
      <object_component id="oc-14e">
         <name>.debug_info</name>
         <load_address>0xd600</load_address>
         <run_address>0xd600</run_address>
         <size>0x2c</size>
         <input_file_ref idref="fl-ec"/>
      </object_component>
      <object_component id="oc-cf">
         <name>.debug_info</name>
         <load_address>0xd62c</load_address>
         <run_address>0xd62c</run_address>
         <size>0x145</size>
         <input_file_ref idref="fl-ee"/>
      </object_component>
      <object_component id="oc-25e">
         <name>.debug_info</name>
         <load_address>0xd771</load_address>
         <run_address>0xd771</run_address>
         <size>0xad</size>
      </object_component>
      <object_component id="oc-231">
         <name>.debug_line</name>
         <load_address>0x0</load_address>
         <run_address>0x0</run_address>
         <size>0x20</size>
         <input_file_ref idref="fl-2"/>
      </object_component>
      <object_component id="oc-199">
         <name>.debug_line</name>
         <load_address>0x20</load_address>
         <run_address>0x20</run_address>
         <size>0x4d9</size>
         <input_file_ref idref="fl-2"/>
      </object_component>
      <object_component id="oc-f4">
         <name>.debug_line</name>
         <load_address>0x4f9</load_address>
         <run_address>0x4f9</run_address>
         <size>0x45</size>
         <input_file_ref idref="fl-2"/>
      </object_component>
      <object_component id="oc-95">
         <name>.debug_line</name>
         <load_address>0x53e</load_address>
         <run_address>0x53e</run_address>
         <size>0x51</size>
         <input_file_ref idref="fl-2"/>
      </object_component>
      <object_component id="oc-49">
         <name>.debug_line</name>
         <load_address>0x58f</load_address>
         <run_address>0x58f</run_address>
         <size>0x20</size>
         <input_file_ref idref="fl-2"/>
      </object_component>
      <object_component id="oc-235">
         <name>.debug_line</name>
         <load_address>0x5af</load_address>
         <run_address>0x5af</run_address>
         <size>0x20</size>
         <input_file_ref idref="fl-3"/>
      </object_component>
      <object_component id="oc-207">
         <name>.debug_line</name>
         <load_address>0x5cf</load_address>
         <run_address>0x5cf</run_address>
         <size>0x34</size>
         <input_file_ref idref="fl-3"/>
      </object_component>
      <object_component id="oc-115">
         <name>.debug_line</name>
         <load_address>0x603</load_address>
         <run_address>0x603</run_address>
         <size>0x2c</size>
         <input_file_ref idref="fl-4"/>
      </object_component>
      <object_component id="oc-110">
         <name>.debug_line</name>
         <load_address>0x62f</load_address>
         <run_address>0x62f</run_address>
         <size>0x2c</size>
         <input_file_ref idref="fl-4"/>
      </object_component>
      <object_component id="oc-38">
         <name>.debug_line</name>
         <load_address>0x65b</load_address>
         <run_address>0x65b</run_address>
         <size>0x22d</size>
         <input_file_ref idref="fl-4"/>
      </object_component>
      <object_component id="oc-a4">
         <name>.debug_line</name>
         <load_address>0x888</load_address>
         <run_address>0x888</run_address>
         <size>0x43</size>
         <input_file_ref idref="fl-4"/>
      </object_component>
      <object_component id="oc-14b">
         <name>.debug_line</name>
         <load_address>0x8cb</load_address>
         <run_address>0x8cb</run_address>
         <size>0x20</size>
         <input_file_ref idref="fl-5"/>
      </object_component>
      <object_component id="oc-112">
         <name>.debug_line</name>
         <load_address>0x8eb</load_address>
         <run_address>0x8eb</run_address>
         <size>0x33</size>
         <input_file_ref idref="fl-5"/>
      </object_component>
      <object_component id="oc-22f">
         <name>.debug_line</name>
         <load_address>0x91e</load_address>
         <run_address>0x91e</run_address>
         <size>0x43</size>
         <input_file_ref idref="fl-6"/>
      </object_component>
      <object_component id="oc-22b">
         <name>.debug_line</name>
         <load_address>0x961</load_address>
         <run_address>0x961</run_address>
         <size>0x2c</size>
         <input_file_ref idref="fl-6"/>
      </object_component>
      <object_component id="oc-194">
         <name>.debug_line</name>
         <load_address>0x98d</load_address>
         <run_address>0x98d</run_address>
         <size>0x132</size>
         <input_file_ref idref="fl-6"/>
      </object_component>
      <object_component id="oc-f9">
         <name>.debug_line</name>
         <load_address>0xabf</load_address>
         <run_address>0xabf</run_address>
         <size>0x43</size>
         <input_file_ref idref="fl-6"/>
      </object_component>
      <object_component id="oc-233">
         <name>.debug_line</name>
         <load_address>0xb02</load_address>
         <run_address>0xb02</run_address>
         <size>0x20</size>
         <input_file_ref idref="fl-7"/>
      </object_component>
      <object_component id="oc-22d">
         <name>.debug_line</name>
         <load_address>0xb22</load_address>
         <run_address>0xb22</run_address>
         <size>0x33</size>
         <input_file_ref idref="fl-7"/>
      </object_component>
      <object_component id="oc-204">
         <name>.debug_line</name>
         <load_address>0xb55</load_address>
         <run_address>0xb55</run_address>
         <size>0x33</size>
         <input_file_ref idref="fl-7"/>
      </object_component>
      <object_component id="oc-20d">
         <name>.debug_line</name>
         <load_address>0xb88</load_address>
         <run_address>0xb88</run_address>
         <size>0x5d</size>
         <input_file_ref idref="fl-8"/>
      </object_component>
      <object_component id="oc-214">
         <name>.debug_line</name>
         <load_address>0xbe5</load_address>
         <run_address>0xbe5</run_address>
         <size>0x32</size>
         <input_file_ref idref="fl-8"/>
      </object_component>
      <object_component id="oc-12e">
         <name>.debug_line</name>
         <load_address>0xc17</load_address>
         <run_address>0xc17</run_address>
         <size>0xbd</size>
         <input_file_ref idref="fl-8"/>
      </object_component>
      <object_component id="oc-ed">
         <name>.debug_line</name>
         <load_address>0xcd4</load_address>
         <run_address>0xcd4</run_address>
         <size>0x4b</size>
         <input_file_ref idref="fl-8"/>
      </object_component>
      <object_component id="oc-211">
         <name>.debug_line</name>
         <load_address>0xd1f</load_address>
         <run_address>0xd1f</run_address>
         <size>0x53</size>
         <input_file_ref idref="fl-8"/>
      </object_component>
      <object_component id="oc-e9">
         <name>.debug_line</name>
         <load_address>0xd72</load_address>
         <run_address>0xd72</run_address>
         <size>0x30</size>
         <input_file_ref idref="fl-9"/>
      </object_component>
      <object_component id="oc-e7">
         <name>.debug_line</name>
         <load_address>0xda2</load_address>
         <run_address>0xda2</run_address>
         <size>0x30</size>
         <input_file_ref idref="fl-9"/>
      </object_component>
      <object_component id="oc-35">
         <name>.debug_line</name>
         <load_address>0xdd2</load_address>
         <run_address>0xdd2</run_address>
         <size>0x109</size>
         <input_file_ref idref="fl-9"/>
      </object_component>
      <object_component id="oc-237">
         <name>.debug_line</name>
         <load_address>0xedb</load_address>
         <run_address>0xedb</run_address>
         <size>0x20</size>
         <input_file_ref idref="fl-a"/>
      </object_component>
      <object_component id="oc-20a">
         <name>.debug_line</name>
         <load_address>0xefb</load_address>
         <run_address>0xefb</run_address>
         <size>0x37</size>
         <input_file_ref idref="fl-a"/>
      </object_component>
      <object_component id="oc-218">
         <name>.debug_line</name>
         <load_address>0xf32</load_address>
         <run_address>0xf32</run_address>
         <size>0x20</size>
         <input_file_ref idref="fl-d"/>
      </object_component>
      <object_component id="oc-162">
         <name>.debug_line</name>
         <load_address>0xf52</load_address>
         <run_address>0xf52</run_address>
         <size>0xc2</size>
         <input_file_ref idref="fl-d"/>
      </object_component>
      <object_component id="oc-10d">
         <name>.debug_line</name>
         <load_address>0x1014</load_address>
         <run_address>0x1014</run_address>
         <size>0x39</size>
         <input_file_ref idref="fl-d"/>
      </object_component>
      <object_component id="oc-1c2">
         <name>.debug_line</name>
         <load_address>0x104d</load_address>
         <run_address>0x104d</run_address>
         <size>0x97</size>
         <input_file_ref idref="fl-e"/>
      </object_component>
      <object_component id="oc-d8">
         <name>.debug_line</name>
         <load_address>0x10e4</load_address>
         <run_address>0x10e4</run_address>
         <size>0x48</size>
         <input_file_ref idref="fl-e"/>
      </object_component>
      <object_component id="oc-103">
         <name>.debug_line</name>
         <load_address>0x112c</load_address>
         <run_address>0x112c</run_address>
         <size>0x50</size>
         <input_file_ref idref="fl-e"/>
      </object_component>
      <object_component id="oc-108">
         <name>.debug_line</name>
         <load_address>0x117c</load_address>
         <run_address>0x117c</run_address>
         <size>0x56</size>
         <input_file_ref idref="fl-e"/>
      </object_component>
      <object_component id="oc-21e">
         <name>.debug_line</name>
         <load_address>0x11d2</load_address>
         <run_address>0x11d2</run_address>
         <size>0x54</size>
         <input_file_ref idref="fl-e"/>
      </object_component>
      <object_component id="oc-fe">
         <name>.debug_line</name>
         <load_address>0x1226</load_address>
         <run_address>0x1226</run_address>
         <size>0x5e</size>
         <input_file_ref idref="fl-e"/>
      </object_component>
      <object_component id="oc-a7">
         <name>.debug_line</name>
         <load_address>0x1284</load_address>
         <run_address>0x1284</run_address>
         <size>0x41</size>
         <input_file_ref idref="fl-f"/>
      </object_component>
      <object_component id="oc-3e">
         <name>.debug_line</name>
         <load_address>0x12c5</load_address>
         <run_address>0x12c5</run_address>
         <size>0x41</size>
         <input_file_ref idref="fl-f"/>
      </object_component>
      <object_component id="oc-30">
         <name>.debug_line</name>
         <load_address>0x1306</load_address>
         <run_address>0x1306</run_address>
         <size>0xa1</size>
         <input_file_ref idref="fl-f"/>
      </object_component>
      <object_component id="oc-ab">
         <name>.debug_line</name>
         <load_address>0x13a7</load_address>
         <run_address>0x13a7</run_address>
         <size>0x65</size>
         <input_file_ref idref="fl-f"/>
      </object_component>
      <object_component id="oc-221">
         <name>.debug_line</name>
         <load_address>0x140c</load_address>
         <run_address>0x140c</run_address>
         <size>0x4c</size>
         <input_file_ref idref="fl-10"/>
      </object_component>
      <object_component id="oc-223">
         <name>.debug_line</name>
         <load_address>0x1458</load_address>
         <run_address>0x1458</run_address>
         <size>0x4c</size>
         <input_file_ref idref="fl-10"/>
      </object_component>
      <object_component id="oc-168">
         <name>.debug_line</name>
         <load_address>0x14a4</load_address>
         <run_address>0x14a4</run_address>
         <size>0xf9</size>
         <input_file_ref idref="fl-10"/>
      </object_component>
      <object_component id="oc-f0">
         <name>.debug_line</name>
         <load_address>0x159d</load_address>
         <run_address>0x159d</run_address>
         <size>0x24e</size>
         <input_file_ref idref="fl-11"/>
      </object_component>
      <object_component id="oc-202">
         <name>.debug_line</name>
         <load_address>0x17eb</load_address>
         <run_address>0x17eb</run_address>
         <size>0x57</size>
         <input_file_ref idref="fl-11"/>
      </object_component>
      <object_component id="oc-200">
         <name>.debug_line</name>
         <load_address>0x1842</load_address>
         <run_address>0x1842</run_address>
         <size>0x57</size>
         <input_file_ref idref="fl-11"/>
      </object_component>
      <object_component id="oc-1f6">
         <name>.debug_line</name>
         <load_address>0x1899</load_address>
         <run_address>0x1899</run_address>
         <size>0x57</size>
         <input_file_ref idref="fl-11"/>
      </object_component>
      <object_component id="oc-1f8">
         <name>.debug_line</name>
         <load_address>0x18f0</load_address>
         <run_address>0x18f0</run_address>
         <size>0x57</size>
         <input_file_ref idref="fl-11"/>
      </object_component>
      <object_component id="oc-1fe">
         <name>.debug_line</name>
         <load_address>0x1947</load_address>
         <run_address>0x1947</run_address>
         <size>0x57</size>
         <input_file_ref idref="fl-11"/>
      </object_component>
      <object_component id="oc-1fc">
         <name>.debug_line</name>
         <load_address>0x199e</load_address>
         <run_address>0x199e</run_address>
         <size>0x57</size>
         <input_file_ref idref="fl-11"/>
      </object_component>
      <object_component id="oc-1fa">
         <name>.debug_line</name>
         <load_address>0x19f5</load_address>
         <run_address>0x19f5</run_address>
         <size>0x57</size>
         <input_file_ref idref="fl-11"/>
      </object_component>
      <object_component id="oc-128">
         <name>.debug_line</name>
         <load_address>0x1a4c</load_address>
         <run_address>0x1a4c</run_address>
         <size>0x170</size>
         <input_file_ref idref="fl-11"/>
      </object_component>
      <object_component id="oc-bf">
         <name>.debug_line</name>
         <load_address>0x1bbc</load_address>
         <run_address>0x1bbc</run_address>
         <size>0x65</size>
         <input_file_ref idref="fl-12"/>
      </object_component>
      <object_component id="oc-227">
         <name>.debug_line</name>
         <load_address>0x1c21</load_address>
         <run_address>0x1c21</run_address>
         <size>0xe3</size>
         <input_file_ref idref="fl-16"/>
      </object_component>
      <object_component id="oc-188">
         <name>.debug_line</name>
         <load_address>0x1d04</load_address>
         <run_address>0x1d04</run_address>
         <size>0x28a</size>
         <input_file_ref idref="fl-16"/>
      </object_component>
      <object_component id="oc-239">
         <name>.debug_line</name>
         <load_address>0x1f8e</load_address>
         <run_address>0x1f8e</run_address>
         <size>0x88</size>
         <input_file_ref idref="fl-17"/>
      </object_component>
      <object_component id="oc-1ce">
         <name>.debug_line</name>
         <load_address>0x2016</load_address>
         <run_address>0x2016</run_address>
         <size>0x79</size>
         <input_file_ref idref="fl-17"/>
      </object_component>
      <object_component id="oc-216">
         <name>.debug_line</name>
         <load_address>0x208f</load_address>
         <run_address>0x208f</run_address>
         <size>0x8c</size>
         <input_file_ref idref="fl-18"/>
      </object_component>
      <object_component id="oc-15d">
         <name>.debug_line</name>
         <load_address>0x211b</load_address>
         <run_address>0x211b</run_address>
         <size>0x78</size>
         <input_file_ref idref="fl-18"/>
      </object_component>
      <object_component id="oc-229">
         <name>.debug_line</name>
         <load_address>0x2193</load_address>
         <run_address>0x2193</run_address>
         <size>0xb8</size>
         <input_file_ref idref="fl-19"/>
      </object_component>
      <object_component id="oc-18d">
         <name>.debug_line</name>
         <load_address>0x224b</load_address>
         <run_address>0x224b</run_address>
         <size>0xb2</size>
         <input_file_ref idref="fl-19"/>
      </object_component>
      <object_component id="oc-1dd">
         <name>.debug_line</name>
         <load_address>0x22fd</load_address>
         <run_address>0x22fd</run_address>
         <size>0x57</size>
         <input_file_ref idref="fl-1a"/>
      </object_component>
      <object_component id="oc-28">
         <name>.debug_line</name>
         <load_address>0x2354</load_address>
         <run_address>0x2354</run_address>
         <size>0x53</size>
         <input_file_ref idref="fl-d4"/>
      </object_component>
      <object_component id="oc-117">
         <name>.debug_line</name>
         <load_address>0x23a7</load_address>
         <run_address>0x23a7</run_address>
         <size>0x20</size>
         <input_file_ref idref="fl-d5"/>
      </object_component>
      <object_component id="oc-16">
         <name>.debug_line</name>
         <load_address>0x23c7</load_address>
         <run_address>0x23c7</run_address>
         <size>0xa9</size>
         <input_file_ref idref="fl-d5"/>
      </object_component>
      <object_component id="oc-44">
         <name>.debug_line</name>
         <load_address>0x2470</load_address>
         <run_address>0x2470</run_address>
         <size>0x3a</size>
         <input_file_ref idref="fl-d5"/>
      </object_component>
      <object_component id="oc-b0">
         <name>.debug_line</name>
         <load_address>0x24aa</load_address>
         <run_address>0x24aa</run_address>
         <size>0x8a</size>
         <input_file_ref idref="fl-d5"/>
      </object_component>
      <object_component id="oc-ba">
         <name>.debug_line</name>
         <load_address>0x2534</load_address>
         <run_address>0x2534</run_address>
         <size>0x8a</size>
         <input_file_ref idref="fl-d6"/>
      </object_component>
      <object_component id="oc-1d">
         <name>.debug_line</name>
         <load_address>0x25be</load_address>
         <run_address>0x25be</run_address>
         <size>0x55</size>
         <input_file_ref idref="fl-d6"/>
      </object_component>
      <object_component id="oc-54">
         <name>.debug_line</name>
         <load_address>0x2613</load_address>
         <run_address>0x2613</run_address>
         <size>0x3a</size>
         <input_file_ref idref="fl-d6"/>
      </object_component>
      <object_component id="oc-b7">
         <name>.debug_line</name>
         <load_address>0x264d</load_address>
         <run_address>0x264d</run_address>
         <size>0x8a</size>
         <input_file_ref idref="fl-d6"/>
      </object_component>
      <object_component id="oc-c2">
         <name>.debug_line</name>
         <load_address>0x26d7</load_address>
         <run_address>0x26d7</run_address>
         <size>0x8a</size>
         <input_file_ref idref="fl-d7"/>
      </object_component>
      <object_component id="oc-23">
         <name>.debug_line</name>
         <load_address>0x2761</load_address>
         <run_address>0x2761</run_address>
         <size>0x4f</size>
         <input_file_ref idref="fl-d7"/>
      </object_component>
      <object_component id="oc-60">
         <name>.debug_line</name>
         <load_address>0x27b0</load_address>
         <run_address>0x27b0</run_address>
         <size>0x34</size>
         <input_file_ref idref="fl-d7"/>
      </object_component>
      <object_component id="oc-149">
         <name>.debug_line</name>
         <load_address>0x27e4</load_address>
         <run_address>0x27e4</run_address>
         <size>0xf2</size>
         <input_file_ref idref="fl-d8"/>
      </object_component>
      <object_component id="oc-13d">
         <name>.debug_line</name>
         <load_address>0x28d6</load_address>
         <run_address>0x28d6</run_address>
         <size>0x2a</size>
         <input_file_ref idref="fl-d8"/>
      </object_component>
      <object_component id="oc-7f">
         <name>.debug_line</name>
         <load_address>0x2900</load_address>
         <run_address>0x2900</run_address>
         <size>0x86</size>
         <input_file_ref idref="fl-d8"/>
      </object_component>
      <object_component id="oc-17d">
         <name>.debug_line</name>
         <load_address>0x2986</load_address>
         <run_address>0x2986</run_address>
         <size>0xd2</size>
         <input_file_ref idref="fl-d9"/>
      </object_component>
      <object_component id="oc-175">
         <name>.debug_line</name>
         <load_address>0x2a58</load_address>
         <run_address>0x2a58</run_address>
         <size>0xa8</size>
         <input_file_ref idref="fl-db"/>
      </object_component>
      <object_component id="oc-173">
         <name>.debug_line</name>
         <load_address>0x2b00</load_address>
         <run_address>0x2b00</run_address>
         <size>0x8e</size>
         <input_file_ref idref="fl-dc"/>
      </object_component>
      <object_component id="oc-182">
         <name>.debug_line</name>
         <load_address>0x2b8e</load_address>
         <run_address>0x2b8e</run_address>
         <size>0x5a</size>
         <input_file_ref idref="fl-dd"/>
      </object_component>
      <object_component id="oc-1e3">
         <name>.debug_line</name>
         <load_address>0x2be8</load_address>
         <run_address>0x2be8</run_address>
         <size>0x59</size>
         <input_file_ref idref="fl-df"/>
      </object_component>
      <object_component id="oc-4f">
         <name>.debug_line</name>
         <load_address>0x2c41</load_address>
         <run_address>0x2c41</run_address>
         <size>0x88</size>
         <input_file_ref idref="fl-e2"/>
      </object_component>
      <object_component id="oc-5b">
         <name>.debug_line</name>
         <load_address>0x2cc9</load_address>
         <run_address>0x2cc9</run_address>
         <size>0x79</size>
         <input_file_ref idref="fl-e3"/>
      </object_component>
      <object_component id="oc-65">
         <name>.debug_line</name>
         <load_address>0x2d42</load_address>
         <run_address>0x2d42</run_address>
         <size>0x3d</size>
         <input_file_ref idref="fl-e4"/>
      </object_component>
      <object_component id="oc-6b">
         <name>.debug_line</name>
         <load_address>0x2d7f</load_address>
         <run_address>0x2d7f</run_address>
         <size>0x40</size>
         <input_file_ref idref="fl-e5"/>
      </object_component>
      <object_component id="oc-e5">
         <name>.debug_line</name>
         <load_address>0x2dbf</load_address>
         <run_address>0x2dbf</run_address>
         <size>0x33</size>
         <input_file_ref idref="fl-e6"/>
      </object_component>
      <object_component id="oc-16c">
         <name>.debug_line</name>
         <load_address>0x2df2</load_address>
         <run_address>0x2df2</run_address>
         <size>0x4c</size>
         <input_file_ref idref="fl-e8"/>
      </object_component>
      <object_component id="oc-1c5">
         <name>.debug_line</name>
         <load_address>0x2e3e</load_address>
         <run_address>0x2e3e</run_address>
         <size>0x20</size>
         <input_file_ref idref="fl-e9"/>
      </object_component>
      <object_component id="oc-145">
         <name>.debug_line</name>
         <load_address>0x2e5e</load_address>
         <run_address>0x2e5e</run_address>
         <size>0x2b</size>
         <input_file_ref idref="fl-e9"/>
      </object_component>
      <object_component id="oc-142">
         <name>.debug_line</name>
         <load_address>0x2e89</load_address>
         <run_address>0x2e89</run_address>
         <size>0x68</size>
         <input_file_ref idref="fl-e9"/>
      </object_component>
      <object_component id="oc-136">
         <name>.debug_line</name>
         <load_address>0x2ef1</load_address>
         <run_address>0x2ef1</run_address>
         <size>0x2b</size>
         <input_file_ref idref="fl-ea"/>
      </object_component>
      <object_component id="oc-79">
         <name>.debug_line</name>
         <load_address>0x2f1c</load_address>
         <run_address>0x2f1c</run_address>
         <size>0x4a</size>
         <input_file_ref idref="fl-ea"/>
[...]
         <value>0x10ec5</value>
         <object_component_ref idref="oc-195"/>
      </symbol>
      <symbol id="sm-103">
         <name>DIO_FlipChannel</name>
         <value>0x110c1</value>
         <object_component_ref idref="oc-195"/>
      </symbol>
      <symbol id="sm-104">
         <name>DIO_ReadPort</name>
         <value>0x11001</value>
         <object_component_ref idref="oc-195"/>
      </symbol>
      <symbol id="sm-105">
         <name>DIO_WritePort</name>
         <value>0x11075</value>
         <object_component_ref idref="oc-195"/>
      </symbol>
      <symbol id="sm-106">
         <name>DIO_ReadChannel</name>
         <value>0x10e11</value>
         <object_component_ref idref="oc-195"/>
      </symbol>
      <symbol id="sm-107">
         <name>DIO_Init</name>
         <value>0x10ce1</value>
         <object_component_ref idref="oc-195"/>
      </symbol>
      <symbol id="sm-112">
         <name>portConfig</name>
         <value>0x12f68</value>
         <object_component_ref idref="oc-1b3"/>
      </symbol>
      <symbol id="sm-16f">
         <name>captured_val</name>
         <value>0x20000230</value>
      </symbol>
      <symbol id="sm-170">
         <name>GPT_StartTimer</name>
         <value>0x11b01</value>
         <object_component_ref idref="oc-37"/>
      </symbol>
      <symbol id="sm-171">
         <name>TIMER1A_Handler</name>
         <value>0x1182f</value>
         <object_component_ref idref="oc-37"/>
      </symbol>
      <symbol id="sm-172">
         <name>GPT_stopTimer</name>
         <value>0x11b51</value>
         <object_component_ref idref="oc-37"/>
      </symbol>
      <symbol id="sm-173">
         <name>GPT_Init</name>
         <value>0x11909</value>
         <object_component_ref idref="oc-37"/>
      </symbol>
      <symbol id="sm-174">
         <name>GPT_EnableNotification</name>
         <value>0x11a77</value>
         <object_component_ref idref="oc-37"/>
      </symbol>
      <symbol id="sm-175">
         <name>GPT_SetPWM</name>
         <value>0x11a47</value>
         <object_component_ref idref="oc-37"/>
      </symbol>
      <symbol id="sm-176">
         <name>GPT_getValue</name>
         <value>0x11b2d</value>
         <object_component_ref idref="oc-37"/>
      </symbol>
      <symbol id="sm-177">
         <name>TIMER2A_Handler</name>
         <value>0x1186d</value>
         <object_component_ref idref="oc-37"/>
      </symbol>
      <symbol id="sm-178">
         <name>TIMER0A_Handler</name>
         <value>0x117f1</value>
         <object_component_ref idref="oc-37"/>
      </symbol>
      <symbol id="sm-183">
         <name>gptConfig</name>
         <value>0x1306a</value>
         <object_component_ref idref="oc-9a"/>
      </symbol>
      <symbol id="sm-1b7">
         <name>SCB_GetResetRawValue</name>
         <value>0x11e17</value>
         <object_component_ref idref="oc-18f"/>
      </symbol>
      <symbol id="sm-1b8">
         <name>SCB_PerformReset</name>
         <value>0x11e2d</value>
         <object_component_ref idref="oc-18f"/>
      </symbol>
      <symbol id="sm-1b9">
         <name>SCB_DistributePllClock</name>
         <value>0x11fe9</value>
         <object_component_ref idref="oc-18f"/>
      </symbol>
      <symbol id="sm-1ba">
         <name>SCB_GetPllStatus</name>
         <value>0x12017</value>
         <object_component_ref idref="oc-18f"/>
      </symbol>
      <symbol id="sm-1bb">
         <name>SCB_Init</name>
         <value>0x11e01</value>
         <object_component_ref idref="oc-18f"/>
      </symbol>
      <symbol id="sm-1bc">
         <name>SCB_InitClock</name>
         <value>0x11e3b</value>
         <object_component_ref idref="oc-18f"/>
      </symbol>
      <symbol id="sm-1cd">
         <name>SCBConfig</name>
         <value>0x1309c</value>
         <object_component_ref idref="oc-1b0"/>
      </symbol>
      <symbol id="sm-1ce">
         <name>SCB_ActivatedClockGates</name>
         <value>0x200002b4</value>
         <object_component_ref idref="oc-1ee"/>
      </symbol>
      <symbol id="sm-1fa">
         <name>run_flag</name>
         <value>0x200002a3</value>
      </symbol>
      <symbol id="sm-1fb">
         <name>tasks_scheduler</name>
         <value>0x12915</value>
         <object_component_ref idref="oc-12d"/>
      </symbol>
      <symbol id="sm-1fc">
         <name>set_run_flag</name>
         <value>0x12895</value>
         <object_component_ref idref="oc-12d"/>
      </symbol>
      <symbol id="sm-1fd">
         <name>create_task</name>
         <value>0x12925</value>
         <object_component_ref idref="oc-12d"/>
      </symbol>
      <symbol id="sm-22f">
         <name>SYSTICK_u8ModeOfInterval</name>
         <value>0x200002a2</value>
      </symbol>
      <symbol id="sm-230">
         <name>time_in_sec</name>
         <value>0x200002a5</value>
      </symbol>
      <symbol id="sm-231">
         <name>SYSTICK_Init</name>
         <value>0x12045</value>
         <object_component_ref idref="oc-31"/>
      </symbol>
      <symbol id="sm-232">
         <name>SYSTICK_setBusyWait</name>
         <value>0x120c1</value>
         <object_component_ref idref="oc-31"/>
      </symbol>
      <symbol id="sm-233">
         <name>SYSTIC_voidSetIntervalPeriodic</name>
         <value>0x12121</value>
         <object_component_ref idref="oc-31"/>
      </symbol>
      <symbol id="sm-234">
         <name>SYSTICK_Handler</name>
         <value>0x12189</value>
         <object_component_ref idref="oc-31"/>
      </symbol>
      <symbol id="sm-235">
         <name>InitPtr</name>
         <value>0x200002d4</value>
         <object_component_ref idref="oc-86"/>
      </symbol>
      <symbol id="sm-240">
         <name>SYSTIC_Config</name>
         <value>0x130ac</value>
         <object_component_ref idref="oc-1b6"/>
      </symbol>
      <symbol id="sm-267">
         <name>ADC_Init</name>
         <value>0x123dd</value>
         <object_component_ref idref="oc-15e"/>
      </symbol>
      <symbol id="sm-268">
         <name>ADC_Read_Data</name>
         <value>0x12475</value>
         <object_component_ref idref="oc-15e"/>
      </symbol>
      <symbol id="sm-269">
         <name>ADC_Read_internal_temp</name>
         <value>0x124f1</value>
         <object_component_ref idref="oc-15e"/>
      </symbol>
      <symbol id="sm-291">
         <name>main</name>
         <value>0x12ced</value>
         <object_component_ref idref="oc-d3"/>
      </symbol>
      <symbol id="sm-2b2">
         <name>ResetISR</name>
         <value>0x12f57</value>
         <object_component_ref idref="oc-2b"/>
      </symbol>
      <symbol id="sm-2b3">
         <name>g_pfnVectors</name>
         <value>0x10000</value>
         <object_component_ref idref="oc-f"/>
      </symbol>
      <symbol id="sm-2d2">
         <name>robotInit</name>
         <value>0x12aa9</value>
         <object_component_ref idref="oc-164"/>
      </symbol>
      <symbol id="sm-2d3">
         <name>robotMoveForward</name>
         <value>0x12ab5</value>
         <object_component_ref idref="oc-164"/>
      </symbol>
      <symbol id="sm-2d4">
         <name>robotMoveback</name>
         <value>0x12b19</value>
         <object_component_ref idref="oc-164"/>
      </symbol>
      <symbol id="sm-2d5">
         <name>robotMoveStop</name>
         <value>0x12ac9</value>
         <object_component_ref idref="oc-164"/>
      </symbol>
      <symbol id="sm-2d6">
         <name>robotMoveLeft</name>
         <value>0x12af1</value>
         <object_component_ref idref="oc-164"/>
      </symbol>
      <symbol id="sm-2d7">
         <name>RIGHT_SIDE</name>
         <value>0x200002f1</value>
         <object_component_ref idref="oc-1d3"/>
      </symbol>
      <symbol id="sm-2d8">
         <name>robotMoveRight</name>
         <value>0x12b05</value>
         <object_component_ref idref="oc-164"/>
      </symbol>
      <symbol id="sm-2d9">
         <name>robotMoveRotate</name>
         <value>0x12add</value>
         <object_component_ref idref="oc-164"/>
      </symbol>
      <symbol id="sm-2da">
         <name>LEFT_SIDE</name>
         <value>0x200002ed</value>
         <object_component_ref idref="oc-1d0"/>
      </symbol>
      <symbol id="sm-346">
         <name>start_move_flag</name>
         <value>0x200002a4</value>
      </symbol>
      <symbol id="sm-347">
         <name>counter_time_out</name>
         <value>0x200002a0</value>
      </symbol>
      <symbol id="sm-348">
         <name>ultraSonic1</name>
         <value>0x200002ff</value>
         <object_component_ref idref="oc-1ad"/>
      </symbol>
      <symbol id="sm-349">
         <name>start_button</name>
         <value>0x200002f5</value>
         <object_component_ref idref="oc-19b"/>
      </symbol>
      <symbol id="sm-34a">
         <name>LDR_2</name>
         <value>0x200002e2</value>
         <object_component_ref idref="oc-1a4"/>
      </symbol>
      <symbol id="sm-34b">
         <name>LDR_1</name>
         <value>0x200002dc</value>
         <object_component_ref idref="oc-1a7"/>
      </symbol>
      <symbol id="sm-34c">
         <name>stop_button</name>
         <value>0x200002fc</value>
         <object_component_ref idref="oc-19e"/>
      </symbol>
      <symbol id="sm-34d">
         <name>lcd_display</name>
         <value>0x11cb3</value>
         <object_component_ref idref="oc-127"/>
      </symbol>
      <symbol id="sm-34e">
         <name>get_temp</name>
         <value>0x11c77</value>
         <object_component_ref idref="oc-127"/>
      </symbol>
      <symbol id="sm-34f">
         <name>lcd_car</name>
         <value>0x200002c0</value>
         <object_component_ref idref="oc-1aa"/>
      </symbol>
      <symbol id="sm-350">
         <name>avoid_obstacles</name>
         <value>0x11d0d</value>
         <object_component_ref idref="oc-127"/>
      </symbol>
      <symbol id="sm-351">
         <name>autonomous_car_init</name>
         <value>0x11d4f</value>
         <object_component_ref idref="oc-127"/>
      </symbol>
      <symbol id="sm-352">
         <name>start_stop_condition</name>
         <value>0x11b9d</value>
         <object_component_ref idref="oc-127"/>
      </symbol>
      <symbol id="sm-353">
         <name>ldr_swing_car</name>
         <value>0x11bc9</value>
         <object_component_ref idref="oc-127"/>
      </symbol>
      <symbol id="sm-395">
         <name>lcd_send_number_pos</name>
         <value>0x11559</value>
         <object_component_ref idref="oc-183"/>
      </symbol>
      <symbol id="sm-396">
         <name>lcd_send_chr</name>
         <value>0x11377</value>
         <object_component_ref idref="oc-183"/>
      </symbol>
      <symbol id="sm-397">
         <name>lcd_send_string_pos</name>
         <value>0x11533</value>
         <object_component_ref idref="oc-183"/>
      </symbol>
      <symbol id="sm-398">
         <name>lcd_send_custome_chr_pos</name>
         <value>0x116e1</value>
         <object_component_ref idref="oc-183"/>
      </symbol>
      <symbol id="sm-399">
         <name>lcd_send_string</name>
         <value>0x114f9</value>
         <object_component_ref idref="oc-183"/>
      </symbol>
      <symbol id="sm-39a">
         <name>lcd_send_number</name>
         <value>0x1161f</value>
         <object_component_ref idref="oc-183"/>
      </symbol>
      <symbol id="sm-39b">
         <name>lcd_send_chr_pos</name>
         <value>0x114cf</value>
         <object_component_ref idref="oc-183"/>
      </symbol>
      <symbol id="sm-39c">
         <name>lcd_sendFloat</name>
         <value>0x1174b</value>
         <object_component_ref idref="oc-183"/>
      </symbol>
      <symbol id="sm-39d">
         <name>lcd_init</name>
         <value>0x112c9</value>
         <object_component_ref idref="oc-183"/>
      </symbol>
      <symbol id="sm-39e">
         <name>lcd_send_command</name>
         <value>0x11105</value>
         <object_component_ref idref="oc-183"/>
      </symbol>
      <symbol id="sm-39f">
         <name>lcd_set_cursor</name>
         <value>0x11263</value>
         <object_component_ref idref="oc-183"/>
      </symbol>
      <symbol id="sm-3b2">
         <name>carSideInit</name>
         <value>0x12a15</value>
         <object_component_ref idref="oc-1ca"/>
      </symbol>
      <symbol id="sm-3b3">
         <name>carSideConfig</name>
         <value>0x12a3d</value>
         <object_component_ref idref="oc-1ca"/>
      </symbol>
      <symbol id="sm-3c8">
         <name>button_get_state</name>
         <value>0x12c89</value>
         <object_component_ref idref="oc-158"/>
      </symbol>
      <symbol id="sm-3e3">
         <name>ultarsonicSensorReadValue</name>
         <value>0x127b9</value>
         <object_component_ref idref="oc-189"/>
      </symbol>
      <symbol id="sm-3e4">
         <name>delay_micro</name>
         <value>0x12799</value>
         <object_component_ref idref="oc-189"/>
      </symbol>
      <symbol id="sm-3f1">
         <name>delay</name>
         <value>0x12ecd</value>
         <object_component_ref idref="oc-1dc"/>
      </symbol>
      <symbol id="sm-402">
         <name>_c_int00</name>
         <value>0x12d4d</value>
         <object_component_ref idref="oc-24"/>
      </symbol>
      <symbol id="sm-403">
         <name>__stack</name>
         <value>0x20000000</value>
         <object_component_ref idref="oc-2a"/>
      </symbol>
      <symbol id="sm-421">
         <name>__TI_decompress_lzss</name>
         <value>0x12c21</value>
         <object_component_ref idref="oc-12"/>
      </symbol>
      <symbol id="sm-438">
         <name>__TI_decompress_none</name>
         <value>0x12f3d</value>
         <object_component_ref idref="oc-18"/>
      </symbol>
      <symbol id="sm-44a">
         <name>__TI_zero_init</name>
         <value>0x12f4b</value>
         <object_component_ref idref="oc-1e"/>
      </symbol>
      <symbol id="sm-46b">
         <name>C$$EXIT</name>
         <value>0x12da1</value>
         <object_component_ref idref="oc-7b"/>
      </symbol>
      <symbol id="sm-46c">
         <name>abort</name>
         <value>0x12da5</value>
         <object_component_ref idref="oc-7b"/>
      </symbol>
      <symbol id="sm-46d">
         <name>exit</name>
         <value>0x12dad</value>
         <object_component_ref idref="oc-7b"/>
      </symbol>
      <symbol id="sm-46e">
         <name>__TI_dtors_ptr</name>
         <value>0x200002ac</value>
         <object_component_ref idref="oc-db"/>
      </symbol>
      <symbol id="sm-46f">
         <name>__TI_cleanup_ptr</name>
         <value>0x200002a8</value>
         <object_component_ref idref="oc-db"/>
      </symbol>
      <symbol id="sm-470">
         <name>__TI_enable_exit_profile_output</name>
         <value>0x200002b0</value>
         <object_component_ref idref="oc-db"/>
      </symbol>
      <symbol id="sm-487">
         <name>__aeabi_dsub</name>
         <value>0x12225</value>
         <object_component_ref idref="oc-179"/>
      </symbol>
      <symbol id="sm-488">
         <name>__aeabi_dadd</name>
         <value>0x1222f</value>
         <object_component_ref idref="oc-179"/>
      </symbol>
      <symbol id="sm-49d">
         <name>__aeabi_ddiv</name>
         <value>0x12565</value>
         <object_component_ref idref="oc-174"/>
      </symbol>
      <symbol id="sm-4a8">
         <name>__aeabi_dmul</name>
         <value>0x1269b</value>
         <object_component_ref idref="oc-16f"/>
      </symbol>
      <symbol id="sm-4b2">
         <name>__aeabi_d2iz</name>
         <value>0x12e41</value>
         <object_component_ref idref="oc-17e"/>
      </symbol>
      <symbol id="sm-4bd">
         <name>__aeabi_d2uiz</name>
         <value>0x12e89</value>
         <object_component_ref idref="oc-1e2"/>
      </symbol>
      <symbol id="sm-4da">
         <name>memcpy</name>
         <value>0x12979</value>
         <object_component_ref idref="oc-4b"/>
      </symbol>
      <symbol id="sm-4db">
         <name>__aeabi_memcpy</name>
         <value>0x12979</value>
         <object_component_ref idref="oc-4b"/>
      </symbol>
      <symbol id="sm-4dc">
         <name>__aeabi_memcpy8</name>
         <value>0x12979</value>
         <object_component_ref idref="oc-4b"/>
      </symbol>
      <symbol id="sm-4dd">
         <name>__aeabi_memcpy4</name>
         <value>0x12979</value>
         <object_component_ref idref="oc-4b"/>
      </symbol>
      <symbol id="sm-4ec">
         <name>__aeabi_memset</name>
         <value>0x12b37</value>
         <object_component_ref idref="oc-57"/>
      </symbol>
      <symbol id="sm-4ed">
         <name>memset</name>
         <value>0x12b3d</value>
         <object_component_ref idref="oc-57"/>
      </symbol>
      <symbol id="sm-4ee">
         <name>__aeabi_memset8</name>
         <value>0x12b37</value>
         <object_component_ref idref="oc-57"/>
      </symbol>
      <symbol id="sm-4ef">
         <name>__aeabi_memset4</name>
         <value>0x12b37</value>
         <object_component_ref idref="oc-57"/>
      </symbol>
      <symbol id="sm-4f0">
         <name>__aeabi_memclr8</name>
         <value>0x12b35</value>
         <object_component_ref idref="oc-57"/>
      </symbol>
      <symbol id="sm-4f1">
         <name>__aeabi_memclr4</name>
         <value>0x12b35</value>
         <object_component_ref idref="oc-57"/>
      </symbol>
      <symbol id="sm-4f2">
         <name>__aeabi_memclr</name>
         <value>0x12b35</value>
         <object_component_ref idref="oc-57"/>
      </symbol>
      <symbol id="sm-4fc">
         <name>__mpu_init</name>
         <value>0x117ef</value>
         <object_component_ref idref="oc-63"/>
      </symbol>
      <symbol id="sm-506">
         <name>_system_pre_init</name>
         <value>0x12f63</value>
         <object_component_ref idref="oc-69"/>
      </symbol>
      <symbol id="sm-50e">
         <name>main_func_sp</name>
         <value>0x200002f8</value>
         <object_component_ref idref="oc-81"/>
      </symbol>
      <symbol id="sm-519">
         <name>__aeabi_ui2d</name>
         <value>0x12ef1</value>
         <object_component_ref idref="oc-16a"/>
      </symbol>
      <symbol id="sm-532">
         <name>_nop</name>
         <value>0x12f37</value>
         <object_component_ref idref="oc-13e"/>
      </symbol>
      <symbol id="sm-533">
         <name>_lock</name>
         <value>0x200002cc</value>
         <object_component_ref idref="oc-de"/>
      </symbol>
      <symbol id="sm-534">
         <name>_unlock</name>
         <value>0x200002d0</value>
         <object_component_ref idref="oc-de"/>
      </symbol>
      <symbol id="sm-535">
         <name>_register_lock</name>
         <value>0x12f2f</value>
         <object_component_ref idref="oc-13e"/>
      </symbol>
      <symbol id="sm-536">
         <name>_register_unlock</name>
         <value>0x12f29</value>
         <object_component_ref idref="oc-13e"/>
      </symbol>
      <symbol id="sm-54a">
         <name>_args_main</name>
         <value>0x12f11</value>
         <object_component_ref idref="oc-75"/>
      </symbol>
      <symbol id="sm-574">
         <name>__TI_auto_init</name>
         <value>0x12bb1</value>
         <object_component_ref idref="oc-6f"/>
      </symbol>
      <symbol id="sm-58e">
         <name>copy_in</name>
         <value>0x12df5</value>
         <object_component_ref idref="oc-c5"/>
      </symbol>
      <symbol id="sm-599">
         <name>_system_post_cinit</name>
         <value>0x123db</value>
         <object_component_ref idref="oc-cb"/>
      </symbol>
      <symbol id="sm-59a">
         <name>__TI_static_base__</name>
         <value>0x130b0</value>
      </symbol>
      <symbol id="sm-59d">
         <name>SHT$$INIT_ARRAY$$Limit</name>
         <value>0x0</value>
      </symbol>
      <symbol id="sm-59e">
         <name>SHT$$INIT_ARRAY$$Base</name>
         <value>0x0</value>
      </symbol>
   </symbol_table>
   <title>Link successful</title>
</link_info>
